Archive member included to satisfy reference by file (symbol)

/home/falls/st/stm32cubeide_1.7.0/plugins/com.st.stm32cube.ide.mcu.externaltools.gnu-tools-for-stm32.9-2020-q2-update.linux64_2.0.0.202105311346/tools/bin/../lib/gcc/arm-none-eabi/9.3.1/../../../../arm-none-eabi/lib/thumb/v7e-m+fp/hard/libc_nano.a(lib_a-errno.o)
                              ./Core/Src/syscalls.o (__errno)
/home/falls/st/stm32cubeide_1.7.0/plugins/com.st.stm32cube.ide.mcu.externaltools.gnu-tools-for-stm32.9-2020-q2-update.linux64_2.0.0.202105311346/tools/bin/../lib/gcc/arm-none-eabi/9.3.1/../../../../arm-none-eabi/lib/thumb/v7e-m+fp/hard/libc_nano.a(lib_a-exit.o)
                              /home/falls/st/stm32cubeide_1.7.0/plugins/com.st.stm32cube.ide.mcu.externaltools.gnu-tools-for-stm32.9-2020-q2-update.linux64_2.0.0.202105311346/tools/bin/../lib/gcc/arm-none-eabi/9.3.1/../../../../arm-none-eabi/lib/thumb/v7e-m+fp/hard/crt0.o (exit)
/home/falls/st/stm32cubeide_1.7.0/plugins/com.st.stm32cube.ide.mcu.externaltools.gnu-tools-for-stm32.9-2020-q2-update.linux64_2.0.0.202105311346/tools/bin/../lib/gcc/arm-none-eabi/9.3.1/../../../../arm-none-eabi/lib/thumb/v7e-m+fp/hard/libc_nano.a(lib_a-impure.o)
                              /home/falls/st/stm32cubeide_1.7.0/plugins/com.st.stm32cube.ide.mcu.externaltools.gnu-tools-for-stm32.9-2020-q2-update.linux64_2.0.0.202105311346/tools/bin/../lib/gcc/arm-none-eabi/9.3.1/../../../../arm-none-eabi/lib/thumb/v7e-m+fp/hard/libc_nano.a(lib_a-exit.o) (_global_impure_ptr)
/home/falls/st/stm32cubeide_1.7.0/plugins/com.st.stm32cube.ide.mcu.externaltools.gnu-tools-for-stm32.9-2020-q2-update.linux64_2.0.0.202105311346/tools/bin/../lib/gcc/arm-none-eabi/9.3.1/../../../../arm-none-eabi/lib/thumb/v7e-m+fp/hard/libc_nano.a(lib_a-init.o)
                              /home/falls/st/stm32cubeide_1.7.0/plugins/com.st.stm32cube.ide.mcu.externaltools.gnu-tools-for-stm32.9-2020-q2-update.linux64_2.0.0.202105311346/tools/bin/../lib/gcc/arm-none-eabi/9.3.1/../../../../arm-none-eabi/lib/thumb/v7e-m+fp/hard/crt0.o (__libc_init_array)
/home/falls/st/stm32cubeide_1.7.0/plugins/com.st.stm32cube.ide.mcu.externaltools.gnu-tools-for-stm32.9-2020-q2-update.linux64_2.0.0.202105311346/tools/bin/../lib/gcc/arm-none-eabi/9.3.1/../../../../arm-none-eabi/lib/thumb/v7e-m+fp/hard/libc_nano.a(lib_a-memcpy-stub.o)
                              ./Core/Src/main.o (memcpy)
/home/falls/st/stm32cubeide_1.7.0/plugins/com.st.stm32cube.ide.mcu.externaltools.gnu-tools-for-stm32.9-2020-q2-update.linux64_2.0.0.202105311346/tools/bin/../lib/gcc/arm-none-eabi/9.3.1/../../../../arm-none-eabi/lib/thumb/v7e-m+fp/hard/libc_nano.a(lib_a-memset.o)
                              /home/falls/st/stm32cubeide_1.7.0/plugins/com.st.stm32cube.ide.mcu.externaltools.gnu-tools-for-stm32.9-2020-q2-update.linux64_2.0.0.202105311346/tools/bin/../lib/gcc/arm-none-eabi/9.3.1/../../../../arm-none-eabi/lib/thumb/v7e-m+fp/hard/crt0.o (memset)
/home/falls/st/stm32cubeide_1.7.0/plugins/com.st.stm32cube.ide.mcu.externaltools.gnu-tools-for-stm32.9-2020-q2-update.linux64_2.0.0.202105311346/tools/bin/../lib/gcc/arm-none-eabi/9.3.1/../../../../arm-none-eabi/lib/thumb/v7e-m+fp/hard/libc_nano.a(lib_a-strlen.o)
                              ./Core/Src/ssd1306_fonts.o (strlen)
/home/falls/st/stm32cubeide_1.7.0/plugins/com.st.stm32cube.ide.mcu.externaltools.gnu-tools-for-stm32.9-2020-q2-update.linux64_2.0.0.202105311346/tools/bin/../lib/gcc/arm-none-eabi/9.3.1/thumb/v7e-m+fp/hard/libgcc.a(_arm_muldf3.o)
                              ./Core/Src/main.o (__aeabi_dmul)
/home/falls/st/stm32cubeide_1.7.0/plugins/com.st.stm32cube.ide.mcu.externaltools.gnu-tools-for-stm32.9-2020-q2-update.linux64_2.0.0.202105311346/tools/bin/../lib/gcc/arm-none-eabi/9.3.1/thumb/v7e-m+fp/hard/libgcc.a(_arm_addsubdf3.o)
                              ./Core/Src/mlx90614.o (__aeabi_dsub)
/home/falls/st/stm32cubeide_1.7.0/plugins/com.st.stm32cube.ide.mcu.externaltools.gnu-tools-for-stm32.9-2020-q2-update.linux64_2.0.0.202105311346/tools/bin/../lib/gcc/arm-none-eabi/9.3.1/thumb/v7e-m+fp/hard/libgcc.a(_arm_fixdfsi.o)
                              ./Core/Src/main.o (__aeabi_d2iz)
/home/falls/st/stm32cubeide_1.7.0/plugins/com.st.stm32cube.ide.mcu.externaltools.gnu-tools-for-stm32.9-2020-q2-update.linux64_2.0.0.202105311346/tools/bin/../lib/gcc/arm-none-eabi/9.3.1/thumb/v7e-m+fp/hard/libgcc.a(_arm_truncdfsf2.o)
                              ./Core/Src/mlx90614.o (__aeabi_d2f)
/home/falls/st/stm32cubeide_1.7.0/plugins/com.st.stm32cube.ide.mcu.externaltools.gnu-tools-for-stm32.9-2020-q2-update.linux64_2.0.0.202105311346/tools/bin/../lib/gcc/arm-none-eabi/9.3.1/thumb/v7e-m+fp/hard/libgcc.a(_aeabi_uldivmod.o)
                              ./Drivers/STM32F4xx_HAL_Driver/Src/stm32f4xx_hal_rcc.o (__aeabi_uldivmod)
[...]
Memory Configuration

Name             Origin             Length             Attributes
CCMRAM           0x0000000010000000 0x0000000000010000 xrw
RAM              0x0000000020000000 0x0000000000020000 xrw
FLASH            0x0000000008000000 0x0000000000100000 xr
*default*        0x0000000000000000 0xffffffffffffffff

Linker script and memory map

LOAD /home/falls/st/stm32cubeide_1.7.0/plugins/com.st.stm32cube.ide.mcu.externaltools.gnu-tools-for-stm32.9-2020-q2-update.linux64_2.0.0.202105311346/tools/bin/../lib/gcc/arm-none-eabi/9.3.1/thumb/v7e-m+fp/hard/crti.o
LOAD /home/falls/st/stm32cubeide_1.7.0/plugins/com.st.stm32cube.ide.mcu.externaltools.gnu-tools-for-stm32.9-2020-q2-update.linux64_2.0.0.202105311346/tools/bin/../lib/gcc/arm-none-eabi/9.3.1/thumb/v7e-m+fp/hard/crtbegin.o
LOAD /home/falls/st/stm32cubeide_1.7.0/plugins/com.st.stm32cube.ide.mcu.externaltools.gnu-tools-for-stm32.9-2020-q2-update.linux64_2.0.0.202105311346/tools/bin/../lib/gcc/arm-none-eabi/9.3.1/../../../../arm-none-eabi/lib/thumb/v7e-m+fp/hard/crt0.o
LOAD ./Core/Src/common.o
LOAD ./Core/Src/debug_mode.o
LOAD ./Core/Src/main.o
LOAD ./Core/Src/mlx90614.o
LOAD ./Core/Src/mlx90632.o
LOAD ./Core/Src/ssd1306.o
LOAD ./Core/Src/ssd1306_fonts.o
LOAD ./Core/Src/stm32f4xx_hal_msp.o
LOAD ./Core/Src/stm32f4xx_it.o
LOAD ./Core/Src/syscalls.o
LOAD ./Core/Src/sysmem.o
LOAD ./Core/Src/system_stm32f4xx.o
LOAD ./Core/Startup/startup_stm32f407vgtx.o
LOAD ./Drivers/STM32F4xx_HAL_Driver/Src/stm32f4xx_hal.o
LOAD ./Drivers/STM32F4xx_HAL_Driver/Src/stm32f4xx_hal_cortex.o
LOAD ./Drivers/STM32F4xx_HAL_Driver/Src/stm32f4xx_hal_dma.o
LOAD ./Drivers/STM32F4xx_HAL_Driver/Src/stm32f4xx_hal_dma_ex.o
LOAD ./Drivers/STM32F4xx_HAL_Driver/Src/stm32f4xx_hal_exti.o
LOAD ./Drivers/STM32F4xx_HAL_Driver/Src/stm32f4xx_hal_flash.o
LOAD ./Drivers/STM32F4xx_HAL_Driver/Src/stm32f4xx_hal_flash_ex.o
LOAD ./Drivers/STM32F4xx_HAL_Driver/Src/stm32f4xx_hal_flash_ramfunc.o
LOAD ./Drivers/STM32F4xx_HAL_Driver/Src/stm32f4xx_hal_gpio.o
LOAD ./Drivers/STM32F4xx_HAL_Driver/Src/stm32f4xx_hal_i2c.o
LOAD ./Drivers/STM32F4xx_HAL_Driver/Src/stm32f4xx_hal_i2c_ex.o
LOAD ./Drivers/STM32F4xx_HAL_Driver/Src/stm32f4xx_hal_pcd.o
LOAD ./Drivers/STM32F4xx_HAL_Driver/Src/stm32f4xx_hal_pcd_ex.o
LOAD ./Drivers/STM32F4xx_HAL_Driver/Src/stm32f4xx_hal_pwr.o
LOAD ./Drivers/STM32F4xx_HAL_Driver/Src/stm32f4xx_hal_pwr_ex.o
LOAD ./Drivers/STM32F4xx_HAL_Driver/Src/stm32f4xx_hal_rcc.o
LOAD ./Drivers/STM32F4xx_HAL_Driver/Src/stm32f4xx_hal_rcc_ex.o
LOAD ./Drivers/STM32F4xx_HAL_Driver/Src/stm32f4xx_hal_tim.o
LOAD ./Drivers/STM32F4xx_HAL_Driver/Src/stm32f4xx_hal_tim_ex.o
LOAD ./Drivers/STM32F4xx_HAL_Driver/Src/stm32f4xx_ll_usb.o
LOAD ./Middlewares/ST/STM32_USB_Device_Library/Class/CDC/Src/usbd_cdc.o
LOAD ./Middlewares/ST/STM32_USB_Device_Library/Core/Src/usbd_core.o
LOAD ./Middlewares/ST/STM32_USB_Device_Library/Core/Src/usbd_ctlreq.o
LOAD ./Middlewares/ST/STM32_USB_Device_Library/Core/Src/usbd_ioreq.o
LOAD ./USB_DEVICE/App/usb_device.o
LOAD ./USB_DEVICE/App/usbd_cdc_if.o
LOAD ./USB_DEVICE/App/usbd_desc.o
LOAD ./USB_DEVICE/Target/usbd_conf.o
START GROUP
LOAD /home/falls/st/stm32cubeide_1.7.0/plugins/com.st.stm32cube.ide.mcu.externaltools.gnu-tools-for-stm32.9-2020-q2-update.linux64_2.0.0.202105311346/tools/bin/../lib/gcc/arm-none-eabi/9.3.1/../../../../arm-none-eabi/lib/thumb/v7e-m+fp/hard/libc_nano.a
LOAD /home/falls/st/stm32cubeide_1.7.0/plugins/com.st.stm32cube.ide.mcu.externaltools.gnu-tools-for-stm32.9-2020-q2-update.linux64_2.0.0.202105311346/tools/bin/../lib/gcc/arm-none-eabi/9.3.1/../../../../arm-none-eabi/lib/thumb/v7e-m+fp/hard/libm.a
END GROUP
START GROUP
LOAD /home/falls/st/stm32cubeide_1.7.0/plugins/com.st.stm32cube.ide.mcu.externaltools.gnu-tools-for-stm32.9-2020-q2-update.linux64_2.0.0.202105311346/tools/bin/../lib/gcc/arm-none-eabi/9.3.1/thumb/v7e-m+fp/hard/libgcc.a
LOAD /home/falls/st/stm32cubeide_1.7.0/plugins/com.st.stm32cube.ide.mcu.externaltools.gnu-tools-for-stm32.9-2020-q2-update.linux64_2.0.0.202105311346/tools/bin/../lib/gcc/arm-none-eabi/9.3.1/../../../../arm-none-eabi/lib/thumb/v7e-m+fp/hard/libc_nano.a
END GROUP
START GROUP
LOAD /home/falls/st/stm32cubeide_1.7.0/plugins/com.st.stm32cube.ide.mcu.externaltools.gnu-tools-for-stm32.9-2020-q2-update.linux64_2.0.0.202105311346/tools/bin/../lib/gcc/arm-none-eabi/9.3.1/thumb/v7e-m+fp/hard/libgcc.a
LOAD /home/falls/st/stm32cubeide_1.7.0/plugins/com.st.stm32cube.ide.mcu.externaltools.gnu-tools-for-stm32.9-2020-q2-update.linux64_2.0.0.202105311346/tools/bin/../lib/gcc/arm-none-eabi/9.3.1/../../../../arm-none-eabi/lib/thumb/v7e-m+fp/hard/libc_nano.a
LOAD /home/falls/st/stm32cubeide_1.7.0/plugins/com.st.stm32cube.ide.mcu.externaltools.gnu-tools-for-stm32.9-2020-q2-update.linux64_2.0.0.202105311346/tools/bin/../lib/gcc/arm-none-eabi/9.3.1/../../../../arm-none-eabi/lib/thumb/v7e-m+fp/hard/libnosys.a
END GROUP
START GROUP
LOAD /home/falls/st/stm32cubeide_1.7.0/plugins/com.st.stm32cube.ide.mcu.externaltools.gnu-tools-for-stm32.9-2020-q2-update.linux64_2.0.0.202105311346/tools/bin/../lib/gcc/arm-none-eabi/9.3.1/thumb/v7e-m+fp/hard/libgcc.a
LOAD /home/falls/st/stm32cubeide_1.7.0/plugins/com.st.stm32cube.ide.mcu.externaltools.gnu-tools-for-stm32.9-2020-q2-update.linux64_2.0.0.202105311346/tools/bin/../lib/gcc/arm-none-eabi/9.3.1/../../../../arm-none-eabi/lib/thumb/v7e-m+fp/hard/libc_nano.a
LOAD /home/falls/st/stm32cubeide_1.7.0/plugins/com.st.stm32cube.ide.mcu.externaltools.gnu-tools-for-stm32.9-2020-q2-update.linux64_2.0.0.202105311346/tools/bin/../lib/gcc/arm-none-eabi/9.3.1/../../../../arm-none-eabi/lib/thumb/v7e-m+fp/hard/libnosys.a
END GROUP
LOAD /home/falls/st/stm32cubeide_1.7.0/plugins/com.st.stm32cube.ide.mcu.externaltools.gnu-tools-for-stm32.9-2020-q2-update.linux64_2.0.0.202105311346/tools/bin/../lib/gcc/arm-none-eabi/9.3.1/thumb/v7e-m+fp/hard/crtend.o
LOAD /home/falls/st/stm32cubeide_1.7.0/plugins/com.st.stm32cube.ide.mcu.externaltools.gnu-tools-for-stm32.9-2020-q2-update.linux64_2.0.0.202105311346/tools/bin/../lib/gcc/arm-none-eabi/9.3.1/thumb/v7e-m+fp/hard/crtn.o
                0x0000000020020000                _estack = (ORIGIN (RAM) + LENGTH (RAM))
                0x0000000000000200                _Min_Heap_Size = 0x200
                0x0000000000000400                _Min_Stack_Size = 0x400

.isr_vector     0x0000000008000000      0x188
                0x0000000008000000                . = ALIGN (0x4)
 *(.isr_vector)
 .isr_vector    0x0000000008000000      0x188 ./Core/Startup/startup_stm32f407vgtx.o
                0x0000000008000000                g_pfnVectors
                0x0000000008000188                . = ALIGN (0x4)

.text           0x0000000008000188     0x8a00
                0x0000000008000188                . = ALIGN (0x4)
 *(.text)
 .text          0x0000000008000188       0x40 /home/falls/st/stm32cubeide_1.7.0/plugins/com.st.stm32cube.ide.mcu.externaltools.gnu-tools-for-stm32.9-2020-q2-update.linux64_2.0.0.202105311346/tools/bin/../lib/gcc/arm-none-eabi/9.3.1/thumb/v7e-m+fp/hard/crtbegin.o
 .text          0x00000000080001c8      0x254 /home/falls/st/stm32cubeide_1.7.0/plugins/com.st.stm32cube.ide.mcu.externaltools.gnu-tools-for-stm32.9-2020-q2-update.linux64_2.0.0.202105311346/tools/bin/../lib/gcc/arm-none-eabi/9.3.1/thumb/v7e-m+fp/hard/libgcc.a(_arm_muldf3.o)
                0x00000000080001c8                __aeabi_dmul
                0x00000000080001c8                __muldf3
 .text          0x000000000800041c      0x378 /home/falls/st/stm32cubeide_1.7.0/plugins/com.st.stm32cube.ide.mcu.externaltools.gnu-tools-for-stm32.9-2020-q2-update.linux64_2.0.0.202105311346/tools/bin/../lib/gcc/arm-none-eabi/9.3.1/thumb/v7e-m+fp/hard/libgcc.a(_arm_addsubdf3.o)
                0x000000000800041c                __aeabi_drsub
                0x0000000008000424                __aeabi_dsub
                0x0000000008000424                __subdf3
                0x0000000008000428                __adddf3
                0x0000000008000428                __aeabi_dadd
                0x00000000080006a0                __aeabi_ui2d
                0x00000000080006a0                __floatunsidf
                0x00000000080006c0                __floatsidf
                0x00000000080006c0                __aeabi_i2d
                0x00000000080006e4                __extendsfdf2
                0x00000000080006e4                __aeabi_f2d
                0x0000000008000728                __aeabi_ul2d
                0x0000000008000728                __floatundidf
                0x0000000008000738                __floatdidf
                0x0000000008000738                __aeabi_l2d
 .text          0x0000000008000794       0x50 /home/falls/st/stm32cubeide_1.7.0/plugins/com.st.stm32cube.ide.mcu.externaltools.gnu-tools-for-stm32.9-2020-q2-update.linux64_2.0.0.202105311346/tools/bin/../lib/gcc/arm-none-eabi/9.3.1/thumb/v7e-m+fp/hard/libgcc.a(_arm_fixdfsi.o)
                0x0000000008000794                __fixdfsi
                0x0000000008000794                __aeabi_d2iz
 .text          0x00000000080007e4       0x30 /home/falls/st/stm32cubeide_1.7.0/plugins/com.st.stm32cube.ide.mcu.externaltools.gnu-tools-for-stm32.9-2020-q2-update.linux64_2.0.0.202105311346/tools/bin/../lib/gcc/arm-none-eabi/9.3.1/thumb/v7e-m+fp/hard/libgcc.a(_aeabi_uldivmod.o)
                0x00000000080007e4                __aeabi_uldivmod
 .text          0x0000000008000814      0x2c4 /home/falls/st/stm32cubeide_1.7.0/plugins/com.st.stm32cube.ide.mcu.externaltools.gnu-tools-for-stm32.9-2020-q2-update.linux64_2.0.0.202105311346/tools/bin/../lib/gcc/arm-none-eabi/9.3.1/thumb/v7e-m+fp/hard/libgcc.a(_udivmoddi4.o)
                0x0000000008000814                __udivmoddi4
 .text          0x0000000008000ad8        0x4 /home/falls/st/stm32cubeide_1.7.0/plugins/com.st.stm32cube.ide.mcu.externaltools.gnu-tools-for-stm32.9-2020-q2-update.linux64_2.0.0.202105311346/tools/bin/../lib/gcc/arm-none-eabi/9.3.1/thumb/v7e-m+fp/hard/libgcc.a(_dvmd_tls.o)
                0x0000000008000ad8                __aeabi_ldiv0
                0x0000000008000ad8                __aeabi_idiv0
 *(.text*)
 .text.ScanDevices
                0x0000000008000adc       0x84 ./Core/Src/common.o
                0x0000000008000adc                ScanDevices
 .text.float_temp_to_char_temp
                0x0000000008000b60      0x118 ./Core/Src/main.o
                0x0000000008000b60                float_temp_to_char_temp
 .text.main     0x0000000008000c78      0x1bc ./Core/Src/main.o
                0x0000000008000c78                main
 .text.SystemClock_Config
                0x0000000008000e34       0xd0 ./Core/Src/main.o
                0x0000000008000e34                SystemClock_Config
 .text.MX_I2C1_Init
                0x0000000008000f04       0x5c ./Core/Src/main.o
 .text.MX_I2C2_Init
                0x0000000008000f60       0x5c ./Core/Src/main.o
 .text.MX_I2C3_Init
                0x0000000008000fbc       0x5c ./Core/Src/main.o
 .text.MX_GPIO_Init
                0x0000000008001018       0xf8 ./Core/Src/main.o
 .text.Error_Handler
                0x0000000008001110        0xa ./Core/Src/main.o
                0x0000000008001110                Error_Handler
 .text.MLX90632_ReadReg
                0x000000000800111a       0x56 ./Core/Src/mlx90632.o
                0x000000000800111a                MLX90632_ReadReg
 .text.MLX90632_ReadTemp
                0x0000000008001170       0x5c ./Core/Src/mlx90632.o
                0x0000000008001170                MLX90632_ReadTemp
 .text.SSD1306_Init
                0x00000000080011cc      0x42c ./Core/Src/ssd1306.o
                0x00000000080011cc                SSD1306_Init
 .text.SSD1306_UpdateScreen
                0x00000000080015f8       0xa0 ./Core/Src/ssd1306.o
                0x00000000080015f8                SSD1306_UpdateScreen
 .text.SSD1306_Fill
                0x0000000008001698       0x30 ./Core/Src/ssd1306.o
                0x0000000008001698                SSD1306_Fill
 .text.SSD1306_DrawPixel
                0x00000000080016c8       0xc0 ./Core/Src/ssd1306.o
                0x00000000080016c8                SSD1306_DrawPixel
 .text.SSD1306_GotoXY
                0x0000000008001788       0x2c ./Core/Src/ssd1306.o
                0x0000000008001788                SSD1306_GotoXY
 .text.SSD1306_Putc
                0x00000000080017b4      0x100 ./Core/Src/ssd1306.o
                0x00000000080017b4                SSD1306_Putc
 .text.SSD1306_Puts
                0x00000000080018b4       0x4a ./Core/Src/ssd1306.o
                0x00000000080018b4                SSD1306_Puts
 .text.SSD1306_Clear
                0x00000000080018fe       0x12 ./Core/Src/ssd1306.o
                0x00000000080018fe                SSD1306_Clear
 .text.ssd1306_I2C_Init
                0x0000000008001910       0x2c ./Core/Src/ssd1306.o
                0x0000000008001910                ssd1306_I2C_Init
 .text.ssd1306_I2C_WriteMulti
                0x000000000800193c       0x90 ./Core/Src/ssd1306.o
                0x000000000800193c                ssd1306_I2C_WriteMulti
 .text.ssd1306_I2C_Write
                0x00000000080019cc       0x46 ./Core/Src/ssd1306.o
                0x00000000080019cc                ssd1306_I2C_Write
 *fill*         0x0000000008001a12        0x2 
 .text.HAL_MspInit
                0x0000000008001a14       0x50 ./Core/Src/stm32f4xx_hal_msp.o
                0x0000000008001a14                HAL_MspInit
 .text.HAL_I2C_MspInit
                0x0000000008001a64      0x1a8 ./Core/Src/stm32f4xx_hal_msp.o
                0x0000000008001a64                HAL_I2C_MspInit
 .text.NMI_Handler
                0x0000000008001c0c        0x6 ./Core/Src/stm32f4xx_it.o
                0x0000000008001c0c                NMI_Handler
 .text.HardFault_Handler
                0x0000000008001c12        0x6 ./Core/Src/stm32f4xx_it.o
                0x0000000008001c12                HardFault_Handler
 .text.MemManage_Handler
                0x0000000008001c18        0x6 ./Core/Src/stm32f4xx_it.o
                0x0000000008001c18                MemManage_Handler
 .text.BusFault_Handler
                0x0000000008001c1e        0x6 ./Core/Src/stm32f4xx_it.o
                0x0000000008001c1e                BusFault_Handler
 .text.UsageFault_Handler
                0x0000000008001c24        0x6 ./Core/Src/stm32f4xx_it.o
                0x0000000008001c24                UsageFault_Handler
 .text.SVC_Handler
                0x0000000008001c2a        0xe ./Core/Src/stm32f4xx_it.o
                0x0000000008001c2a                SVC_Handler
 .text.DebugMon_Handler
                0x0000000008001c38        0xe ./Core/Src/stm32f4xx_it.o
                0x0000000008001c38                DebugMon_Handler
 .text.PendSV_Handler
                0x0000000008001c46        0xe ./Core/Src/stm32f4xx_it.o
                0x0000000008001c46                PendSV_Handler
 .text.SysTick_Handler
                0x0000000008001c54        0xc ./Core/Src/stm32f4xx_it.o
                0x0000000008001c54                SysTick_Handler
 .text.OTG_FS_IRQHandler
                0x0000000008001c60       0x14 ./Core/Src/stm32f4xx_it.o
                0x0000000008001c60                OTG_FS_IRQHandler
 .text.SystemInit
                0x0000000008001c74       0x24 ./Core/Src/system_stm32f4xx.o
                0x0000000008001c74                SystemInit
 .text.Reset_Handler
                0x0000000008001c98       0x50 ./Core/Startup/startup_stm32f407vgtx.o
                0x0000000008001c98                Reset_Handler
 .text.Default_Handler
                0x0000000008001ce8        0x2 ./Core/Startup/startup_stm32f407vgtx.o
                0x0000000008001ce8                RTC_Alarm_IRQHandler
                0x0000000008001ce8                HASH_RNG_IRQHandler
                0x0000000008001ce8                EXTI2_IRQHandler
                0x0000000008001ce8                TIM8_CC_IRQHandler
                0x0000000008001ce8                TIM1_CC_IRQHandler
                0x0000000008001ce8                DMA2_Stream5_IRQHandler
                0x0000000008001ce8                DMA1_Stream5_IRQHandler
                0x0000000008001ce8                PVD_IRQHandler
                0x0000000008001ce8                SDIO_IRQHandler
                0x0000000008001ce8                TAMP_STAMP_IRQHandler
                0x0000000008001ce8                CAN2_RX1_IRQHandler
                0x0000000008001ce8                EXTI3_IRQHandler
                0x0000000008001ce8                TIM8_TRG_COM_TIM14_IRQHandler
                0x0000000008001ce8                TIM1_UP_TIM10_IRQHandler
                0x0000000008001ce8                TIM8_UP_TIM13_IRQHandler
                0x0000000008001ce8                I2C3_ER_IRQHandler
                0x0000000008001ce8                EXTI0_IRQHandler
                0x0000000008001ce8                I2C2_EV_IRQHandler
                0x0000000008001ce8                DMA1_Stream2_IRQHandler
                0x0000000008001ce8                CAN1_RX0_IRQHandler
                0x0000000008001ce8                FPU_IRQHandler
                0x0000000008001ce8                OTG_HS_WKUP_IRQHandler
                0x0000000008001ce8                CAN2_SCE_IRQHandler
                0x0000000008001ce8                DMA2_Stream2_IRQHandler
                0x0000000008001ce8                SPI1_IRQHandler
                0x0000000008001ce8                TIM6_DAC_IRQHandler
                0x0000000008001ce8                TIM1_BRK_TIM9_IRQHandler
                0x0000000008001ce8                DCMI_IRQHandler
                0x0000000008001ce8                CAN2_RX0_IRQHandler
                0x0000000008001ce8                DMA2_Stream3_IRQHandler
                0x0000000008001ce8                USART6_IRQHandler
                0x0000000008001ce8                USART3_IRQHandler
                0x0000000008001ce8                CAN1_RX1_IRQHandler
                0x0000000008001ce8                UART5_IRQHandler
                0x0000000008001ce8                DMA2_Stream0_IRQHandler
                0x0000000008001ce8                TIM4_IRQHandler
                0x0000000008001ce8                I2C1_EV_IRQHandler
                0x0000000008001ce8                DMA1_Stream6_IRQHandler
                0x0000000008001ce8                DMA1_Stream1_IRQHandler
                0x0000000008001ce8                UART4_IRQHandler
                0x0000000008001ce8                TIM3_IRQHandler
                0x0000000008001ce8                RCC_IRQHandler
                0x0000000008001ce8                TIM8_BRK_TIM12_IRQHandler
                0x0000000008001ce8                Default_Handler
                0x0000000008001ce8                EXTI15_10_IRQHandler
                0x0000000008001ce8                ADC_IRQHandler
                0x0000000008001ce8                DMA1_Stream7_IRQHandler
                0x0000000008001ce8                TIM7_IRQHandler
                0x0000000008001ce8                CAN2_TX_IRQHandler
                0x0000000008001ce8                TIM5_IRQHandler
                0x0000000008001ce8                DMA2_Stream7_IRQHandler
                0x0000000008001ce8                I2C3_EV_IRQHandler
                0x0000000008001ce8                EXTI9_5_IRQHandler
                0x0000000008001ce8                RTC_WKUP_IRQHandler
                0x0000000008001ce8                ETH_WKUP_IRQHandler
                0x0000000008001ce8                SPI2_IRQHandler
                0x0000000008001ce8                OTG_HS_EP1_IN_IRQHandler
                0x0000000008001ce8                DMA1_Stream0_IRQHandler
                0x0000000008001ce8                CAN1_TX_IRQHandler
                0x0000000008001ce8                EXTI4_IRQHandler
                0x0000000008001ce8                FSMC_IRQHandler
                0x0000000008001ce8                ETH_IRQHandler
                0x0000000008001ce8                OTG_HS_EP1_OUT_IRQHandler
                0x0000000008001ce8                WWDG_IRQHandler
                0x0000000008001ce8                TIM2_IRQHandler
                0x0000000008001ce8                OTG_FS_WKUP_IRQHandler
                0x0000000008001ce8                TIM1_TRG_COM_TIM11_IRQHandler
                0x0000000008001ce8                OTG_HS_IRQHandler
                0x0000000008001ce8                EXTI1_IRQHandler
                0x0000000008001ce8                USART2_IRQHandler
                0x0000000008001ce8                I2C2_ER_IRQHandler
                0x0000000008001ce8                DMA2_Stream1_IRQHandler
                0x0000000008001ce8                CAN1_SCE_IRQHandler
                0x0000000008001ce8                FLASH_IRQHandler
                0x0000000008001ce8                DMA2_Stream4_IRQHandler
                0x0000000008001ce8                USART1_IRQHandler
                0x0000000008001ce8                SPI3_IRQHandler
                0x0000000008001ce8                DMA1_Stream4_IRQHandler
                0x0000000008001ce8                I2C1_ER_IRQHandler
                0x0000000008001ce8                DMA2_Stream6_IRQHandler
                0x0000000008001ce8                DMA1_Stream3_IRQHandler
 *fill*         0x0000000008001cea        0x2 
 .text.HAL_Init
                0x0000000008001cec       0x44 ./Drivers/STM32F4xx_HAL_Driver/Src/stm32f4xx_hal.o
                0x0000000008001cec                HAL_Init
 .text.HAL_InitTick
                0x0000000008001d30       0x60 ./Drivers/STM32F4xx_HAL_Driver/Src/stm32f4xx_hal.o
                0x0000000008001d30                HAL_InitTick
 .text.HAL_IncTick
                0x0000000008001d90       0x28 ./Drivers/STM32F4xx_HAL_Driver/Src/stm32f4xx_hal.o
                0x0000000008001d90                HAL_IncTick
 .text.HAL_GetTick
                0x0000000008001db8       0x18 ./Drivers/STM32F4xx_HAL_Driver/Src/stm32f4xx_hal.o
                0x0000000008001db8                HAL_GetTick
 .text.HAL_Delay
                0x0000000008001dd0       0x48 ./Drivers/STM32F4xx_HAL_Driver/Src/stm32f4xx_hal.o
                0x0000000008001dd0                HAL_Delay
 .text.__NVIC_SetPriorityGrouping
                0x0000000008001e18       0x48 ./Drivers/STM32F4xx_HAL_Driver/Src/stm32f4xx_hal_cortex.o
 .text.__NVIC_GetPriorityGrouping
                0x0000000008001e60       0x1c ./Drivers/STM32F4xx_HAL_Driver/Src/stm32f4xx_hal_cortex.o
 .text.__NVIC_EnableIRQ
                0x0000000008001e7c       0x3c ./Drivers/STM32F4xx_HAL_Driver/Src/stm32f4xx_hal_cortex.o
 .text.__NVIC_SetPriority
                0x0000000008001eb8       0x54 ./Drivers/STM32F4xx_HAL_Driver/Src/stm32f4xx_hal_cortex.o
 .text.NVIC_EncodePriority
                0x0000000008001f0c       0x66 ./Drivers/STM32F4xx_HAL_Driver/Src/stm32f4xx_hal_cortex.o
 *fill*         0x0000000008001f72        0x2 
 .text.SysTick_Config
                0x0000000008001f74       0x44 ./Drivers/STM32F4xx_HAL_Driver/Src/stm32f4xx_hal_cortex.o
 .text.HAL_NVIC_SetPriorityGrouping
                0x0000000008001fb8       0x16 ./Drivers/STM32F4xx_HAL_Driver/Src/stm32f4xx_hal_cortex.o
                0x0000000008001fb8                HAL_NVIC_SetPriorityGrouping
 .text.HAL_NVIC_SetPriority
                0x0000000008001fce       0x38 ./Drivers/STM32F4xx_HAL_Driver/Src/stm32f4xx_hal_cortex.o
                0x0000000008001fce                HAL_NVIC_SetPriority
 .text.HAL_NVIC_EnableIRQ
                0x0000000008002006       0x1c ./Drivers/STM32F4xx_HAL_Driver/Src/stm32f4xx_hal_cortex.o
                0x0000000008002006                HAL_NVIC_EnableIRQ
 .text.HAL_SYSTICK_Config
                0x0000000008002022       0x18 ./Drivers/STM32F4xx_HAL_Driver/Src/stm32f4xx_hal_cortex.o
                0x0000000008002022                HAL_SYSTICK_Config
 *fill*         0x000000000800203a        0x2 
 .text.HAL_GPIO_Init
                0x000000000800203c      0x338 ./Drivers/STM32F4xx_HAL_Driver/Src/stm32f4xx_hal_gpio.o
                0x000000000800203c                HAL_GPIO_Init
 .text.HAL_GPIO_ReadPin
                0x0000000008002374       0x30 ./Drivers/STM32F4xx_HAL_Driver/Src/stm32f4xx_hal_gpio.o
                0x0000000008002374                HAL_GPIO_ReadPin
 .text.HAL_GPIO_WritePin
                0x00000000080023a4       0x32 ./Drivers/STM32F4xx_HAL_Driver/Src/stm32f4xx_hal_gpio.o
                0x00000000080023a4                HAL_GPIO_WritePin
 .text.HAL_GPIO_TogglePin
                0x00000000080023d6       0x34 ./Drivers/STM32F4xx_HAL_Driver/Src/stm32f4xx_hal_gpio.o
                0x00000000080023d6                HAL_GPIO_TogglePin
 *fill*         0x000000000800240a        0x2 
 .text.HAL_I2C_Init
                0x000000000800240c      0x288 ./Drivers/STM32F4xx_HAL_Driver/Src/stm32f4xx_hal_i2c.o
                0x000000000800240c                HAL_I2C_Init
 .text.HAL_I2C_Master_Transmit
                0x0000000008002694      0x1fc ./Drivers/STM32F4xx_HAL_Driver/Src/stm32f4xx_hal_i2c.o
                0x0000000008002694                HAL_I2C_Master_Transmit
 .text.HAL_I2C_Mem_Read
                0x0000000008002890      0x44c ./Drivers/STM32F4xx_HAL_Driver/Src/stm32f4xx_hal_i2c.o
                0x0000000008002890                HAL_I2C_Mem_Read
 .text.HAL_I2C_IsDeviceReady
                0x0000000008002cdc      0x25c ./Drivers/STM32F4xx_HAL_Driver/Src/stm32f4xx_hal_i2c.o
                0x0000000008002cdc                HAL_I2C_IsDeviceReady
 .text.I2C_MasterRequestWrite
                0x0000000008002f38      0x104 ./Drivers/STM32F4xx_HAL_Driver/Src/stm32f4xx_hal_i2c.o
 .text.I2C_RequestMemoryRead
                0x000000000800303c      0x1d0 ./Drivers/STM32F4xx_HAL_Driver/Src/stm32f4xx_hal_i2c.o
 .text.I2C_WaitOnFlagUntilTimeout
                0x000000000800320c       0xae ./Drivers/STM32F4xx_HAL_Driver/Src/stm32f4xx_hal_i2c.o
 .text.I2C_WaitOnMasterAddressFlagUntilTimeout
                0x00000000080032ba       0xfe ./Drivers/STM32F4xx_HAL_Driver/Src/stm32f4xx_hal_i2c.o
 .text.I2C_WaitOnTXEFlagUntilTimeout
                0x00000000080033b8       0x82 ./Drivers/STM32F4xx_HAL_Driver/Src/stm32f4xx_hal_i2c.o
 .text.I2C_WaitOnBTFFlagUntilTimeout
                0x000000000800343a       0x82 ./Drivers/STM32F4xx_HAL_Driver/Src/stm32f4xx_hal_i2c.o
 .text.I2C_WaitOnRXNEFlagUntilTimeout
                0x00000000080034bc       0xac ./Drivers/STM32F4xx_HAL_Driver/Src/stm32f4xx_hal_i2c.o
 .text.I2C_IsAcknowledgeFailed
                0x0000000008003568       0x5e ./Drivers/STM32F4xx_HAL_Driver/Src/stm32f4xx_hal_i2c.o
 .text.HAL_PCD_Init
                0x00000000080035c6      0x23a ./Drivers/STM32F4xx_HAL_Driver/Src/stm32f4xx_hal_pcd.o
                0x00000000080035c6                HAL_PCD_Init
 .text.HAL_PCD_Start
                0x0000000008003800       0x66 ./Drivers/STM32F4xx_HAL_Driver/Src/stm32f4xx_hal_pcd.o
                0x0000000008003800                HAL_PCD_Start
 .text.HAL_PCD_IRQHandler
                0x0000000008003866      0x764 ./Drivers/STM32F4xx_HAL_Driver/Src/stm32f4xx_hal_pcd.o
                0x0000000008003866                HAL_PCD_IRQHandler
 .text.HAL_PCD_SetAddress
                0x0000000008003fca       0x4a ./Drivers/STM32F4xx_HAL_Driver/Src/stm32f4xx_hal_pcd.o
                0x0000000008003fca                HAL_PCD_SetAddress
 .text.HAL_PCD_EP_Open
                0x0000000008004014       0xd0 ./Drivers/STM32F4xx_HAL_Driver/Src/stm32f4xx_hal_pcd.o
                0x0000000008004014                HAL_PCD_EP_Open
 .text.HAL_PCD_EP_Close
                0x00000000080040e4       0x94 ./Drivers/STM32F4xx_HAL_Driver/Src/stm32f4xx_hal_pcd.o
                0x00000000080040e4                HAL_PCD_EP_Close
 .text.HAL_PCD_EP_Receive
                0x0000000008004178       0x96 ./Drivers/STM32F4xx_HAL_Driver/Src/stm32f4xx_hal_pcd.o
                0x0000000008004178                HAL_PCD_EP_Receive
 .text.HAL_PCD_EP_GetRxCount
                0x000000000800420e       0x30 ./Drivers/STM32F4xx_HAL_Driver/Src/stm32f4xx_hal_pcd.o
                0x000000000800420e                HAL_PCD_EP_GetRxCount
 .text.HAL_PCD_EP_Transmit
                0x000000000800423e       0x94 ./Drivers/STM32F4xx_HAL_Driver/Src/stm32f4xx_hal_pcd.o
                0x000000000800423e                HAL_PCD_EP_Transmit
 .text.HAL_PCD_EP_SetStall
                0x00000000080042d2       0xc8 ./Drivers/STM32F4xx_HAL_Driver/Src/stm32f4xx_hal_pcd.o
                0x00000000080042d2                HAL_PCD_EP_SetStall
 .text.HAL_PCD_EP_ClrStall
                0x000000000800439a       0xac ./Drivers/STM32F4xx_HAL_Driver/Src/stm32f4xx_hal_pcd.o
                0x000000000800439a                HAL_PCD_EP_ClrStall
 .text.PCD_WriteEmptyTxFifo
                0x0000000008004446      0x11a ./Drivers/STM32F4xx_HAL_Driver/Src/stm32f4xx_hal_pcd.o
 .text.PCD_EP_OutXfrComplete_int
                0x0000000008004560      0x218 ./Drivers/STM32F4xx_HAL_Driver/Src/stm32f4xx_hal_pcd.o
 .text.PCD_EP_OutSetupPacket_int
                0x0000000008004778       0x8c ./Drivers/STM32F4xx_HAL_Driver/Src/stm32f4xx_hal_pcd.o
 .text.HAL_PCDEx_SetTxFiFo
                0x0000000008004804       0x8e ./Drivers/STM32F4xx_HAL_Driver/Src/stm32f4xx_hal_pcd_ex.o
                0x0000000008004804                HAL_PCDEx_SetTxFiFo
 .text.HAL_PCDEx_SetRxFiFo
                0x0000000008004892       0x22 ./Drivers/STM32F4xx_HAL_Driver/Src/stm32f4xx_hal_pcd_ex.o
                0x0000000008004892                HAL_PCDEx_SetRxFiFo
 .text.HAL_PCDEx_LPM_Callback
                0x00000000080048b4       0x18 ./Drivers/STM32F4xx_HAL_Driver/Src/stm32f4xx_hal_pcd_ex.o
                0x00000000080048b4                HAL_PCDEx_LPM_Callback
 .text.HAL_RCC_OscConfig
                0x00000000080048cc      0x4f0 ./Drivers/STM32F4xx_HAL_Driver/Src/stm32f4xx_hal_rcc.o
                0x00000000080048cc                HAL_RCC_OscConfig
 .text.HAL_RCC_ClockConfig
                0x0000000008004dbc      0x1cc ./Drivers/STM32F4xx_HAL_Driver/Src/stm32f4xx_hal_rcc.o
                0x0000000008004dbc                HAL_RCC_ClockConfig
 .text.HAL_RCC_GetSysClockFreq
                0x0000000008004f88      0x16c ./Drivers/STM32F4xx_HAL_Driver/Src/stm32f4xx_hal_rcc.o
                0x0000000008004f88                HAL_RCC_GetSysClockFreq
 .text.HAL_RCC_GetHCLKFreq
                0x00000000080050f4       0x18 ./Drivers/STM32F4xx_HAL_Driver/Src/stm32f4xx_hal_rcc.o
                0x00000000080050f4                HAL_RCC_GetHCLKFreq
 .text.HAL_RCC_GetPCLK1Freq
                0x000000000800510c       0x28 ./Drivers/STM32F4xx_HAL_Driver/Src/stm32f4xx_hal_rcc.o
                0x000000000800510c                HAL_RCC_GetPCLK1Freq
 .text.USB_CoreInit
                0x0000000008005134       0xc2 ./Drivers/STM32F4xx_HAL_Driver/Src/stm32f4xx_ll_usb.o
                0x0000000008005134                USB_CoreInit
 *fill*         0x00000000080051f6        0x2 
 .text.USB_SetTurnaroundTime
                0x00000000080051f8      0x144 ./Drivers/STM32F4xx_HAL_Driver/Src/stm32f4xx_ll_usb.o
                0x00000000080051f8                USB_SetTurnaroundTime
 .text.USB_EnableGlobalInt
                0x000000000800533c       0x22 ./Drivers/STM32F4xx_HAL_Driver/Src/stm32f4xx_ll_usb.o
                0x000000000800533c                USB_EnableGlobalInt
 .text.USB_DisableGlobalInt
                0x000000000800535e       0x22 ./Drivers/STM32F4xx_HAL_Driver/Src/stm32f4xx_ll_usb.o
                0x000000000800535e                USB_DisableGlobalInt
 .text.USB_SetCurrentMode
                0x0000000008005380       0x98 ./Drivers/STM32F4xx_HAL_Driver/Src/stm32f4xx_ll_usb.o
                0x0000000008005380                USB_SetCurrentMode
 .text.USB_DevInit
                0x0000000008005418      0x2c8 ./Drivers/STM32F4xx_HAL_Driver/Src/stm32f4xx_ll_usb.o
                0x0000000008005418                USB_DevInit
 .text.USB_FlushTxFifo
                0x00000000080056e0       0x48 ./Drivers/STM32F4xx_HAL_Driver/Src/stm32f4xx_ll_usb.o
                0x00000000080056e0                USB_FlushTxFifo
 .text.USB_FlushRxFifo
                0x0000000008005728       0x40 ./Drivers/STM32F4xx_HAL_Driver/Src/stm32f4xx_ll_usb.o
                0x0000000008005728                USB_FlushRxFifo
 .text.USB_SetDevSpeed
                0x0000000008005768       0x32 ./Drivers/STM32F4xx_HAL_Driver/Src/stm32f4xx_ll_usb.o
                0x0000000008005768                USB_SetDevSpeed
 .text.USB_GetDevSpeed
                0x000000000800579a       0x4a ./Drivers/STM32F4xx_HAL_Driver/Src/stm32f4xx_ll_usb.o
                0x000000000800579a                USB_GetDevSpeed
 .text.USB_ActivateEndpoint
                0x00000000080057e4      0x10e ./Drivers/STM32F4xx_HAL_Driver/Src/stm32f4xx_ll_usb.o
                0x00000000080057e4                USB_ActivateEndpoint
 *fill*         0x00000000080058f2        0x2 
 .text.USB_DeactivateEndpoint
                0x00000000080058f4      0x1b8 ./Drivers/STM32F4xx_HAL_Driver/Src/stm32f4xx_ll_usb.o
                0x00000000080058f4                USB_DeactivateEndpoint
 .text.USB_EPStartXfer
                0x0000000008005aac      0x488 ./Drivers/STM32F4xx_HAL_Driver/Src/stm32f4xx_ll_usb.o
                0x0000000008005aac                USB_EPStartXfer
 .text.USB_EP0StartXfer
                0x0000000008005f34      0x2a6 ./Drivers/STM32F4xx_HAL_Driver/Src/stm32f4xx_ll_usb.o
                0x0000000008005f34                USB_EP0StartXfer
 .text.USB_WritePacket
                0x00000000080061da       0x7c ./Drivers/STM32F4xx_HAL_Driver/Src/stm32f4xx_ll_usb.o
                0x00000000080061da                USB_WritePacket
 .text.USB_ReadPacket
                0x0000000008006256       0xb0 ./Drivers/STM32F4xx_HAL_Driver/Src/stm32f4xx_ll_usb.o
                0x0000000008006256                USB_ReadPacket
 .text.USB_EPSetStall
                0x0000000008006306       0xdc ./Drivers/STM32F4xx_HAL_Driver/Src/stm32f4xx_ll_usb.o
                0x0000000008006306                USB_EPSetStall
 .text.USB_EPClearStall
                0x00000000080063e2       0xcc ./Drivers/STM32F4xx_HAL_Driver/Src/stm32f4xx_ll_usb.o
                0x00000000080063e2                USB_EPClearStall
 .text.USB_SetDevAddress
                0x00000000080064ae       0x4c ./Drivers/STM32F4xx_HAL_Driver/Src/stm32f4xx_ll_usb.o
                0x00000000080064ae                USB_SetDevAddress
 .text.USB_DevConnect
                0x00000000080064fa       0x42 ./Drivers/STM32F4xx_HAL_Driver/Src/stm32f4xx_ll_usb.o
                0x00000000080064fa                USB_DevConnect
 .text.USB_DevDisconnect
                0x000000000800653c       0x42 ./Drivers/STM32F4xx_HAL_Driver/Src/stm32f4xx_ll_usb.o
                0x000000000800653c                USB_DevDisconnect
 .text.USB_ReadInterrupts
                0x000000000800657e       0x26 ./Drivers/STM32F4xx_HAL_Driver/Src/stm32f4xx_ll_usb.o
                0x000000000800657e                USB_ReadInterrupts
 .text.USB_ReadDevAllOutEpInterrupt
                0x00000000080065a4       0x34 ./Drivers/STM32F4xx_HAL_Driver/Src/stm32f4xx_ll_usb.o
                0x00000000080065a4                USB_ReadDevAllOutEpInterrupt
 .text.USB_ReadDevAllInEpInterrupt
                0x00000000080065d8       0x34 ./Drivers/STM32F4xx_HAL_Driver/Src/stm32f4xx_ll_usb.o
                0x00000000080065d8                USB_ReadDevAllInEpInterrupt
 .text.USB_ReadDevOutEPInterrupt
                0x000000000800660c       0x3c ./Drivers/STM32F4xx_HAL_Driver/Src/stm32f4xx_ll_usb.o
                0x000000000800660c                USB_ReadDevOutEPInterrupt
 .text.USB_ReadDevInEPInterrupt
                0x0000000008006648       0x5c ./Drivers/STM32F4xx_HAL_Driver/Src/stm32f4xx_ll_usb.o
                0x0000000008006648                USB_ReadDevInEPInterrupt
 .text.USB_GetMode
                0x00000000080066a4       0x1c ./Drivers/STM32F4xx_HAL_Driver/Src/stm32f4xx_ll_usb.o
                0x00000000080066a4                USB_GetMode
 .text.USB_ActivateSetup
                0x00000000080066c0       0x46 ./Drivers/STM32F4xx_HAL_Driver/Src/stm32f4xx_ll_usb.o
                0x00000000080066c0                USB_ActivateSetup
 *fill*         0x0000000008006706        0x2 
 .text.USB_EP0_OutStart
                0x0000000008006708       0xbc ./Drivers/STM32F4xx_HAL_Driver/Src/stm32f4xx_ll_usb.o
                0x0000000008006708                USB_EP0_OutStart
 .text.USB_CoreReset
                0x00000000080067c4       0x64 ./Drivers/STM32F4xx_HAL_Driver/Src/stm32f4xx_ll_usb.o
 .text.USBD_CDC_Init
                0x0000000008006828       0xfe ./Middlewares/ST/STM32_USB_Device_Library/Class/CDC/Src/usbd_cdc.o
 .text.USBD_CDC_DeInit
                0x0000000008006926       0x74 ./Middlewares/ST/STM32_USB_Device_Library/Class/CDC/Src/usbd_cdc.o
 *fill*         0x000000000800699a        0x2 
 .text.USBD_CDC_Setup
                0x000000000800699c      0x190 ./Middlewares/ST/STM32_USB_Device_Library/Class/CDC/Src/usbd_cdc.o
 .text.USBD_CDC_DataIn
                0x0000000008006b2c       0xca ./Middlewares/ST/STM32_USB_Device_Library/Class/CDC/Src/usbd_cdc.o
 .text.USBD_CDC_DataOut
                0x0000000008006bf6       0x56 ./Middlewares/ST/STM32_USB_Device_Library/Class/CDC/Src/usbd_cdc.o
 .text.USBD_CDC_EP0_RxReady
                0x0000000008006c4c       0x5a ./Middlewares/ST/STM32_USB_Device_Library/Class/CDC/Src/usbd_cdc.o
 *fill*         0x0000000008006ca6        0x2 
 .text.USBD_CDC_GetFSCfgDesc
                0x0000000008006ca8       0x20 ./Middlewares/ST/STM32_USB_Device_Library/Class/CDC/Src/usbd_cdc.o
 .text.USBD_CDC_GetHSCfgDesc
                0x0000000008006cc8       0x20 ./Middlewares/ST/STM32_USB_Device_Library/Class/CDC/Src/usbd_cdc.o
 .text.USBD_CDC_GetOtherSpeedCfgDesc
                0x0000000008006ce8       0x20 ./Middlewares/ST/STM32_USB_Device_Library/Class/CDC/Src/usbd_cdc.o
 .text.USBD_CDC_GetDeviceQualifierDescriptor
                0x0000000008006d08       0x20 ./Middlewares/ST/STM32_USB_Device_Library/Class/CDC/Src/usbd_cdc.o
                0x0000000008006d08                USBD_CDC_GetDeviceQualifierDescriptor
 .text.USBD_CDC_RegisterInterface
                0x0000000008006d28       0x2a ./Middlewares/ST/STM32_USB_Device_Library/Class/CDC/Src/usbd_cdc.o
                0x0000000008006d28                USBD_CDC_RegisterInterface
 .text.USBD_CDC_SetTxBuffer
                0x0000000008006d52       0x3c ./Middlewares/ST/STM32_USB_Device_Library/Class/CDC/Src/usbd_cdc.o
                0x0000000008006d52                USBD_CDC_SetTxBuffer
 .text.USBD_CDC_SetRxBuffer
                0x0000000008006d8e       0x32 ./Middlewares/ST/STM32_USB_Device_Library/Class/CDC/Src/usbd_cdc.o
                0x0000000008006d8e                USBD_CDC_SetRxBuffer
 .text.USBD_CDC_ReceivePacket
                0x0000000008006dc0       0x54 ./Middlewares/ST/STM32_USB_Device_Library/Class/CDC/Src/usbd_cdc.o
                0x0000000008006dc0                USBD_CDC_ReceivePacket
 .text.USBD_Init
                0x0000000008006e14       0x60 ./Middlewares/ST/STM32_USB_Device_Library/Core/Src/usbd_core.o
                0x0000000008006e14                USBD_Init
 .text.USBD_RegisterClass
                0x0000000008006e74       0x4e ./Middlewares/ST/STM32_USB_Device_Library/Core/Src/usbd_core.o
                0x0000000008006e74                USBD_RegisterClass
 .text.USBD_Start
                0x0000000008006ec2       0x18 ./Middlewares/ST/STM32_USB_Device_Library/Core/Src/usbd_core.o
                0x0000000008006ec2                USBD_Start
 .text.USBD_RunTestMode
                0x0000000008006eda       0x16 ./Middlewares/ST/STM32_USB_Device_Library/Core/Src/usbd_core.o
                0x0000000008006eda                USBD_RunTestMode
 .text.USBD_SetClassConfig
                0x0000000008006ef0       0x38 ./Middlewares/ST/STM32_USB_Device_Library/Core/Src/usbd_core.o
                0x0000000008006ef0                USBD_SetClassConfig
 .text.USBD_ClrClassConfig
                0x0000000008006f28       0x30 ./Middlewares/ST/STM32_USB_Device_Library/Core/Src/usbd_core.o
                0x0000000008006f28                USBD_ClrClassConfig
 .text.USBD_LL_SetupStage
                0x0000000008006f58       0xaa ./Middlewares/ST/STM32_USB_Device_Library/Core/Src/usbd_core.o
                0x0000000008006f58                USBD_LL_SetupStage
 .text.USBD_LL_DataOutStage
                0x0000000008007002       0xc6 ./Middlewares/ST/STM32_USB_Device_Library/Core/Src/usbd_core.o
                0x0000000008007002                USBD_LL_DataOutStage
 .text.USBD_LL_DataInStage
                0x00000000080070c8      0x12c ./Middlewares/ST/STM32_USB_Device_Library/Core/Src/usbd_core.o
                0x00000000080070c8                USBD_LL_DataInStage
 .text.USBD_LL_Reset
                0x00000000080071f4       0x9c ./Middlewares/ST/STM32_USB_Device_Library/Core/Src/usbd_core.o
                0x00000000080071f4                USBD_LL_Reset
 .text.USBD_LL_SetSpeed
                0x0000000008007290       0x20 ./Middlewares/ST/STM32_USB_Device_Library/Core/Src/usbd_core.o
                0x0000000008007290                USBD_LL_SetSpeed
 .text.USBD_LL_Suspend
                0x00000000080072b0       0x2c ./Middlewares/ST/STM32_USB_Device_Library/Core/Src/usbd_core.o
                0x00000000080072b0                USBD_LL_Suspend
 .text.USBD_LL_Resume
                0x00000000080072dc       0x30 ./Middlewares/ST/STM32_USB_Device_Library/Core/Src/usbd_core.o
                0x00000000080072dc                USBD_LL_Resume
 .text.USBD_LL_SOF
                0x000000000800730c       0x44 ./Middlewares/ST/STM32_USB_Device_Library/Core/Src/usbd_core.o
                0x000000000800730c                USBD_LL_SOF
 .text.USBD_LL_IsoINIncomplete
                0x0000000008007350       0x4c ./Middlewares/ST/STM32_USB_Device_Library/Core/Src/usbd_core.o
                0x0000000008007350                USBD_LL_IsoINIncomplete
 .text.USBD_LL_IsoOUTIncomplete
                0x000000000800739c       0x4c ./Middlewares/ST/STM32_USB_Device_Library/Core/Src/usbd_core.o
                0x000000000800739c                USBD_LL_IsoOUTIncomplete
 .text.USBD_LL_DevConnected
                0x00000000080073e8       0x16 ./Middlewares/ST/STM32_USB_Device_Library/Core/Src/usbd_core.o
                0x00000000080073e8                USBD_LL_DevConnected
 .text.USBD_LL_DevDisconnected
                0x00000000080073fe       0x38 ./Middlewares/ST/STM32_USB_Device_Library/Core/Src/usbd_core.o
                0x00000000080073fe                USBD_LL_DevDisconnected
 .text.SWAPBYTE
                0x0000000008007436       0x3c ./Middlewares/ST/STM32_USB_Device_Library/Core/Src/usbd_ctlreq.o
 *fill*         0x0000000008007472        0x2 
 .text.USBD_StdDevReq
                0x0000000008007474       0xdc ./Middlewares/ST/STM32_USB_Device_Library/Core/Src/usbd_ctlreq.o
                0x0000000008007474                USBD_StdDevReq
 .text.USBD_StdItfReq
                0x0000000008007550       0x92 ./Middlewares/ST/STM32_USB_Device_Library/Core/Src/usbd_ctlreq.o
                0x0000000008007550                USBD_StdItfReq
 .text.USBD_StdEPReq
                0x00000000080075e2      0x2c4 ./Middlewares/ST/STM32_USB_Device_Library/Core/Src/usbd_ctlreq.o
                0x00000000080075e2                USBD_StdEPReq
 *fill*         0x00000000080078a6        0x2 
 .text.USBD_GetDescriptor
                0x00000000080078a8      0x2d4 ./Middlewares/ST/STM32_USB_Device_Library/Core/Src/usbd_ctlreq.o
 .text.USBD_SetAddress
                0x0000000008007b7c       0x88 ./Middlewares/ST/STM32_USB_Device_Library/Core/Src/usbd_ctlreq.o
 .text.USBD_SetConfig
                0x0000000008007c04      0x14c ./Middlewares/ST/STM32_USB_Device_Library/Core/Src/usbd_ctlreq.o
 .text.USBD_GetConfig
                0x0000000008007d50       0x6c ./Middlewares/ST/STM32_USB_Device_Library/Core/Src/usbd_ctlreq.o
 .text.USBD_GetStatus
                0x0000000008007dbc       0x68 ./Middlewares/ST/STM32_USB_Device_Library/Core/Src/usbd_ctlreq.o
 .text.USBD_SetFeature
                0x0000000008007e24       0x28 ./Middlewares/ST/STM32_USB_Device_Library/Core/Src/usbd_ctlreq.o
 .text.USBD_ClrFeature
                0x0000000008007e4c       0x44 ./Middlewares/ST/STM32_USB_Device_Library/Core/Src/usbd_ctlreq.o
 .text.USBD_ParseSetupRequest
                0x0000000008007e90       0x74 ./Middlewares/ST/STM32_USB_Device_Library/Core/Src/usbd_ctlreq.o
                0x0000000008007e90                USBD_ParseSetupRequest
 .text.USBD_CtlError
                0x0000000008007f04       0x22 ./Middlewares/ST/STM32_USB_Device_Library/Core/Src/usbd_ctlreq.o
                0x0000000008007f04                USBD_CtlError
 .text.USBD_GetString
                0x0000000008007f26       0x8c ./Middlewares/ST/STM32_USB_Device_Library/Core/Src/usbd_ctlreq.o
                0x0000000008007f26                USBD_GetString
 .text.USBD_GetLen
                0x0000000008007fb2       0x34 ./Middlewares/ST/STM32_USB_Device_Library/Core/Src/usbd_ctlreq.o
 .text.USBD_CtlSendData
                0x0000000008007fe6       0x36 ./Middlewares/ST/STM32_USB_Device_Library/Core/Src/usbd_ioreq.o
                0x0000000008007fe6                USBD_CtlSendData
 .text.USBD_CtlContinueSendData
                0x000000000800801c       0x22 ./Middlewares/ST/STM32_USB_Device_Library/Core/Src/usbd_ioreq.o
                0x000000000800801c                USBD_CtlContinueSendData
 .text.USBD_CtlPrepareRx
                0x000000000800803e       0x3a ./Middlewares/ST/STM32_USB_Device_Library/Core/Src/usbd_ioreq.o
                0x000000000800803e                USBD_CtlPrepareRx
 .text.USBD_CtlContinueRx
                0x0000000008008078       0x22 ./Middlewares/ST/STM32_USB_Device_Library/Core/Src/usbd_ioreq.o
                0x0000000008008078                USBD_CtlContinueRx
 .text.USBD_CtlSendStatus
                0x000000000800809a       0x26 ./Middlewares/ST/STM32_USB_Device_Library/Core/Src/usbd_ioreq.o
                0x000000000800809a                USBD_CtlSendStatus
 .text.USBD_CtlReceiveStatus
                0x00000000080080c0       0x26 ./Middlewares/ST/STM32_USB_Device_Library/Core/Src/usbd_ioreq.o
                0x00000000080080c0                USBD_CtlReceiveStatus
 *fill*         0x00000000080080e6        0x2 
 .text.MX_USB_DEVICE_Init
                0x00000000080080e8       0x60 ./USB_DEVICE/App/usb_device.o
                0x00000000080080e8                MX_USB_DEVICE_Init
 .text.CDC_Init_FS
                0x0000000008008148       0x28 ./USB_DEVICE/App/usbd_cdc_if.o
 .text.CDC_DeInit_FS
                0x0000000008008170       0x10 ./USB_DEVICE/App/usbd_cdc_if.o
 .text.CDC_Control_FS
                0x0000000008008180       0xbc ./USB_DEVICE/App/usbd_cdc_if.o
 .text.CDC_Receive_FS
                0x000000000800823c       0x54 ./USB_DEVICE/App/usbd_cdc_if.o
 .text.CDC_TransmitCplt_FS
                0x0000000008008290       0x22 ./USB_DEVICE/App/usbd_cdc_if.o
 *fill*         0x00000000080082b2        0x2 
 .text.USBD_FS_DeviceDescriptor
                0x00000000080082b4       0x24 ./USB_DEVICE/App/usbd_desc.o
                0x00000000080082b4                USBD_FS_DeviceDescriptor
 .text.USBD_FS_LangIDStrDescriptor
                0x00000000080082d8       0x24 ./USB_DEVICE/App/usbd_desc.o
                0x00000000080082d8                USBD_FS_LangIDStrDescriptor
 .text.USBD_FS_ProductStrDescriptor
                0x00000000080082fc       0x3c ./USB_DEVICE/App/usbd_desc.o
                0x00000000080082fc                USBD_FS_ProductStrDescriptor
 .text.USBD_FS_ManufacturerStrDescriptor
                0x0000000008008338       0x28 ./USB_DEVICE/App/usbd_desc.o
                0x0000000008008338                USBD_FS_ManufacturerStrDescriptor
 .text.USBD_FS_SerialStrDescriptor
                0x0000000008008360       0x24 ./USB_DEVICE/App/usbd_desc.o
                0x0000000008008360                USBD_FS_SerialStrDescriptor
 .text.USBD_FS_ConfigStrDescriptor
                0x0000000008008384       0x3c ./USB_DEVICE/App/usbd_desc.o
                0x0000000008008384                USBD_FS_ConfigStrDescriptor
 .text.USBD_FS_InterfaceStrDescriptor
                0x00000000080083c0       0x3c ./USB_DEVICE/App/usbd_desc.o
                0x00000000080083c0                USBD_FS_InterfaceStrDescriptor
 .text.Get_SerialNum
                0x00000000080083fc       0x58 ./USB_DEVICE/App/usbd_desc.o
 .text.IntToUnicode
                0x0000000008008454       0x7e ./USB_DEVICE/App/usbd_desc.o
 *fill*         0x00000000080084d2        0x2 
 .text.HAL_PCD_MspInit
                0x00000000080084d4       0xa8 ./USB_DEVICE/Target/usbd_conf.o
                0x00000000080084d4                HAL_PCD_MspInit
 .text.HAL_PCD_SetupStageCallback
                0x000000000800857c       0x24 ./USB_DEVICE/Target/usbd_conf.o
                0x000000000800857c                HAL_PCD_SetupStageCallback
 .text.HAL_PCD_DataOutStageCallback
                0x00000000080085a0       0x36 ./USB_DEVICE/Target/usbd_conf.o
                0x00000000080085a0                HAL_PCD_DataOutStageCallback
 .text.HAL_PCD_DataInStageCallback
                0x00000000080085d6       0x34 ./USB_DEVICE/Target/usbd_conf.o
                0x00000000080085d6                HAL_PCD_DataInStageCallback
 .text.HAL_PCD_SOFCallback
                0x000000000800860a       0x1c ./USB_DEVICE/Target/usbd_conf.o
                0x000000000800860a                HAL_PCD_SOFCallback
 .text.HAL_PCD_ResetCallback
                0x0000000008008626       0x50 ./USB_DEVICE/Target/usbd_conf.o
                0x0000000008008626                HAL_PCD_ResetCallback
 *fill*         0x0000000008008676        0x2 
 .text.HAL_PCD_SuspendCallback
                0x0000000008008678       0x4c ./USB_DEVICE/Target/usbd_conf.o
                0x0000000008008678                HAL_PCD_SuspendCallback
 .text.HAL_PCD_ResumeCallback
                0x00000000080086c4       0x1c ./USB_DEVICE/Target/usbd_conf.o
                0x00000000080086c4                HAL_PCD_ResumeCallback
 .text.HAL_PCD_ISOOUTIncompleteCallback
                0x00000000080086e0       0x24 ./USB_DEVICE/Target/usbd_conf.o
                0x00000000080086e0                HAL_PCD_ISOOUTIncompleteCallback
 .text.HAL_PCD_ISOINIncompleteCallback
                0x0000000008008704       0x24 ./USB_DEVICE/Target/usbd_conf.o
                0x0000000008008704                HAL_PCD_ISOINIncompleteCallback
 .text.HAL_PCD_ConnectCallback
                0x0000000008008728       0x1c ./USB_DEVICE/Target/usbd_conf.o
                0x0000000008008728                HAL_PCD_ConnectCallback
 .text.HAL_PCD_DisconnectCallback
                0x0000000008008744       0x1c ./USB_DEVICE/Target/usbd_conf.o
                0x0000000008008744                HAL_PCD_DisconnectCallback
 .text.USBD_LL_Init
                0x0000000008008760       0x98 ./USB_DEVICE/Target/usbd_conf.o
                0x0000000008008760                USBD_LL_Init
 .text.USBD_LL_Start
                0x00000000080087f8       0x36 ./USB_DEVICE/Target/usbd_conf.o
                0x00000000080087f8                USBD_LL_Start
 .text.USBD_LL_OpenEP
                0x000000000800882e       0x4c ./USB_DEVICE/Target/usbd_conf.o
                0x000000000800882e                USBD_LL_OpenEP
 .text.USBD_LL_CloseEP
                0x000000000800887a       0x3e ./USB_DEVICE/Target/usbd_conf.o
                0x000000000800887a                USBD_LL_CloseEP
 .text.USBD_LL_StallEP
                0x00000000080088b8       0x3e ./USB_DEVICE/Target/usbd_conf.o
                0x00000000080088b8                USBD_LL_StallEP
 .text.USBD_LL_ClearStallEP
                0x00000000080088f6       0x3e ./USB_DEVICE/Target/usbd_conf.o
                0x00000000080088f6                USBD_LL_ClearStallEP
 .text.USBD_LL_IsStallEP
                0x0000000008008934       0x58 ./USB_DEVICE/Target/usbd_conf.o
                0x0000000008008934                USBD_LL_IsStallEP
 .text.USBD_LL_SetUSBAddress
                0x000000000800898c       0x3e ./USB_DEVICE/Target/usbd_conf.o
                0x000000000800898c                USBD_LL_SetUSBAddress
 .text.USBD_LL_Transmit
                0x00000000080089ca       0x42 ./USB_DEVICE/Target/usbd_conf.o
                0x00000000080089ca                USBD_LL_Transmit
 .text.USBD_LL_PrepareReceive
                0x0000000008008a0c       0x42 ./USB_DEVICE/Target/usbd_conf.o
                0x0000000008008a0c                USBD_LL_PrepareReceive
 .text.USBD_LL_GetRxDataSize
                0x0000000008008a4e       0x26 ./USB_DEVICE/Target/usbd_conf.o
                0x0000000008008a4e                USBD_LL_GetRxDataSize
 .text.USBD_static_malloc
                0x0000000008008a74       0x1c ./USB_DEVICE/Target/usbd_conf.o
                0x0000000008008a74                USBD_static_malloc
 .text.USBD_static_free
                0x0000000008008a90       0x14 ./USB_DEVICE/Target/usbd_conf.o
                0x0000000008008a90                USBD_static_free
 .text.USBD_Get_USB_Status
                0x0000000008008aa4       0x58 ./USB_DEVICE/Target/usbd_conf.o
                0x0000000008008aa4                USBD_Get_USB_Status
 .text.__libc_init_array
                0x0000000008008afc       0x48 /home/falls/st/stm32cubeide_1.7.0/plugins/com.st.stm32cube.ide.mcu.externaltools.gnu-tools-for-stm32.9-2020-q2-update.linux64_2.0.0.202105311346/tools/bin/../lib/gcc/arm-none-eabi/9.3.1/../../../../arm-none-eabi/lib/thumb/v7e-m+fp/hard/libc_nano.a(lib_a-init.o)
                0x0000000008008afc                __libc_init_array
 .text.memcpy   0x0000000008008b44       0x1c /home/falls/st/stm32cubeide_1.7.0/plugins/com.st.stm32cube.ide.mcu.externaltools.gnu-tools-for-stm32.9-2020-q2-update.linux64_2.0.0.202105311346/tools/bin/../lib/gcc/arm-none-eabi/9.3.1/../../../../arm-none-eabi/lib/thumb/v7e-m+fp/hard/libc_nano.a(lib_a-memcpy-stub.o)
                0x0000000008008b44                memcpy
 .text.memset   0x0000000008008b60       0x10 /home/falls/st/stm32cubeide_1.7.0/plugins/com.st.stm32cube.ide.mcu.externaltools.gnu-tools-for-stm32.9-2020-q2-update.linux64_2.0.0.202105311346/tools/bin/../lib/gcc/arm-none-eabi/9.3.1/../../../../arm-none-eabi/lib/thumb/v7e-m+fp/hard/libc_nano.a(lib_a-memset.o)
                0x0000000008008b60                memset
 *(.glue_7)
 .glue_7        0x0000000008008b70        0x0 linker stubs
 *(.glue_7t)
 .glue_7t       0x0000000008008b70        0x0 linker stubs
 *(.eh_frame)
 .eh_frame      0x0000000008008b70        0x0 /home/falls/st/stm32cubeide_1.7.0/plugins/com.st.stm32cube.ide.mcu.externaltools.gnu-tools-for-stm32.9-2020-q2-update.linux64_2.0.0.202105311346/tools/bin/../lib/gcc/arm-none-eabi/9.3.1/thumb/v7e-m+fp/hard/crtbegin.o
 *(.init)
 .init          0x0000000008008b70        0x4 /home/falls/st/stm32cubeide_1.7.0/plugins/com.st.stm32cube.ide.mcu.externaltools.gnu-tools-for-stm32.9-2020-q2-update.linux64_2.0.0.202105311346/tools/bin/../lib/gcc/arm-none-eabi/9.3.1/thumb/v7e-m+fp/hard/crti.o
                0x0000000008008b70                _init
 .init          0x0000000008008b74        0x8 /home/falls/st/stm32cubeide_1.7.0/plugins/com.st.stm32cube.ide.mcu.externaltools.gnu-tools-for-stm32.9-2020-q2-update.linux64_2.0.0.202105311346/tools/bin/../lib/gcc/arm-none-eabi/9.3.1/thumb/v7e-m+fp/hard/crtn.o
 *(.fini)
 .fini          0x0000000008008b7c        0x4 /home/falls/st/stm32cubeide_1.7.0/plugins/com.st.stm32cube.ide.mcu.externaltools.gnu-tools-for-stm32.9-2020-q2-update.linux64_2.0.0.202105311346/tools/bin/../lib/gcc/arm-none-eabi/9.3.1/thumb/v7e-m+fp/hard/crti.o
                0x0000000008008b7c                _fini
 .fini          0x0000000008008b80        0x8 /home/falls/st/stm32cubeide_1.7.0/plugins/com.st.stm32cube.ide.mcu.externaltools.gnu-tools-for-stm32.9-2020-q2-update.linux64_2.0.0.202105311346/tools/bin/../lib/gcc/arm-none-eabi/9.3.1/thumb/v7e-m+fp/hard/crtn.o
                0x0000000008008b88                . = ALIGN (0x4)
                0x0000000008008b88                _etext = .

.vfp11_veneer   0x0000000008008b88        0x0
 .vfp11_veneer  0x0000000008008b88        0x0 linker stubs

.v4_bx          0x0000000008008b88        0x0
 .v4_bx         0x0000000008008b88        0x0 linker stubs

.iplt           0x0000000008008b88        0x0
 .iplt          0x0000000008008b88        0x0 /home/falls/st/stm32cubeide_1.7.0/plugins/com.st.stm32cube.ide.mcu.externaltools.gnu-tools-for-stm32.9-2020-q2-update.linux64_2.0.0.202105311346/tools/bin/../lib/gcc/arm-none-eabi/9.3.1/thumb/v7e-m+fp/hard/crtbegin.o

.rodata         0x0000000008008b88      0xdc4
                0x0000000008008b88                . = ALIGN (0x4)
 *(.rodata)
 .rodata        0x0000000008008b88        0xb ./Core/Src/main.o
 *fill*         0x0000000008008b93        0x1 
 .rodata        0x0000000008008b94       0x42 ./USB_DEVICE/App/usbd_desc.o
 *(.rodata*)
 *fill*         0x0000000008008bd6        0x2 
 .rodata.Font11x18
                0x0000000008008bd8      0xd5c ./Core/Src/ssd1306_fonts.o
                0x0000000008008bd8                Font11x18
 .rodata.AHBPrescTable
                0x0000000008009934       0x10 ./Core/Src/system_stm32f4xx.o
                0x0000000008009934                AHBPrescTable
 .rodata.APBPrescTable
                0x0000000008009944        0x8 ./Core/Src/system_stm32f4xx.o
                0x0000000008009944                APBPrescTable
                0x000000000800994c                . = ALIGN (0x4)

.ARM.extab      0x000000000800994c        0x0
                0x000000000800994c                . = ALIGN (0x4)
 *(.ARM.extab* .gnu.linkonce.armextab.*)
                0x000000000800994c                . = ALIGN (0x4)

.ARM            0x000000000800994c        0x8
                0x000000000800994c                . = ALIGN (0x4)
                0x000000000800994c                __exidx_start = .
 *(.ARM.exidx*)
 .ARM.exidx     0x000000000800994c        0x8 /home/falls/st/stm32cubeide_1.7.0/plugins/com.st.stm32cube.ide.mcu.externaltools.gnu-tools-for-stm32.9-2020-q2-update.linux64_2.0.0.202105311346/tools/bin/../lib/gcc/arm-none-eabi/9.3.1/thumb/v7e-m+fp/hard/libgcc.a(_udivmoddi4.o)
                0x0000000008009954                __exidx_end = .
                0x0000000008009954                . = ALIGN (0x4)

.rel.dyn        0x0000000008009954        0x0
 .rel.iplt      0x0000000008009954        0x0 /home/falls/st/stm32cubeide_1.7.0/plugins/com.st.stm32cube.ide.mcu.externaltools.gnu-tools-for-stm32.9-2020-q2-update.linux64_2.0.0.202105311346/tools/bin/../lib/gcc/arm-none-eabi/9.3.1/thumb/v7e-m+fp/hard/crtbegin.o

.preinit_array  0x0000000008009954        0x0
                0x0000000008009954                . = ALIGN (0x4)
                0x0000000008009954                PROVIDE (__preinit_array_start = .)
 *(.preinit_array*)
                0x0000000008009954                PROVIDE (__preinit_array_end = .)
                0x0000000008009954                . = ALIGN (0x4)

.init_array     0x0000000008009954        0x4
                0x0000000008009954                . = ALIGN (0x4)
                0x0000000008009954                PROVIDE (__init_array_start = .)
 *(SORT_BY_NAME(.init_array.*))
 *(.init_array*)
 .init_array    0x0000000008009954        0x4 /home/falls/st/stm32cubeide_1.7.0/plugins/com.st.stm32cube.ide.mcu.externaltools.gnu-tools-for-stm32.9-2020-q2-update.linux64_2.0.0.202105311346/tools/bin/../lib/gcc/arm-none-eabi/9.3.1/thumb/v7e-m+fp/hard/crtbegin.o
                0x0000000008009958                PROVIDE (__init_array_end = .)
                0x0000000008009958                . = ALIGN (0x4)

.fini_array     0x0000000008009958        0x4
                0x0000000008009958                . = ALIGN (0x4)
                [!provide]                        PROVIDE (__fini_array_start = .)
 *(SORT_BY_NAME(.fini_array.*))
 *(.fini_array*)
 .fini_array    0x0000000008009958        0x4 /home/falls/st/stm32cubeide_1.7.0/plugins/com.st.stm32cube.ide.mcu.externaltools.gnu-tools-for-stm32.9-2020-q2-update.linux64_2.0.0.202105311346/tools/bin/../lib/gcc/arm-none-eabi/9.3.1/thumb/v7e-m+fp/hard/crtbegin.o
                [!provide]                        PROVIDE (__fini_array_end = .)
                0x000000000800995c                . = ALIGN (0x4)
                0x000000000800995c                _sidata = LOADADDR (.data)

.data           0x0000000020000000      0x188 load address 0x000000000800995c
                0x0000000020000000                . = ALIGN (0x4)
                0x0000000020000000                _sdata = .
 *(.data)
 *(.data*)
 .data.Font_11x18
                0x0000000020000000        0x8 ./Core/Src/ssd1306_fonts.o
                0x0000000020000000                Font_11x18
 .data.SystemCoreClock
                0x0000000020000008        0x4 ./Core/Src/system_stm32f4xx.o
                0x0000000020000008                SystemCoreClock
 .data.uwTickPrio
                0x000000002000000c        0x4 ./Drivers/STM32F4xx_HAL_Driver/Src/stm32f4xx_hal.o
                0x000000002000000c                uwTickPrio
 .data.uwTickFreq
                0x0000000020000010        0x1 ./Drivers/STM32F4xx_HAL_Driver/Src/stm32f4xx_hal.o
                0x0000000020000010                uwTickFreq
 *fill*         0x0000000020000011        0x3 
 .data.USBD_CDC_DeviceQualifierDesc
                0x0000000020000014        0xa ./Middlewares/ST/STM32_USB_Device_Library/Class/CDC/Src/usbd_cdc.o
 *fill*         0x000000002000001e        0x2 
 .data.USBD_CDC
                0x0000000020000020       0x38 ./Middlewares/ST/STM32_USB_Device_Library/Class/CDC/Src/usbd_cdc.o
                0x0000000020000020                USBD_CDC
 .data.USBD_CDC_CfgHSDesc
                0x0000000020000058       0x43 ./Middlewares/ST/STM32_USB_Device_Library/Class/CDC/Src/usbd_cdc.o
 *fill*         0x000000002000009b        0x1 
 .data.USBD_CDC_CfgFSDesc
                0x000000002000009c       0x43 ./Middlewares/ST/STM32_USB_Device_Library/Class/CDC/Src/usbd_cdc.o
 *fill*         0x00000000200000df        0x1 
 .data.USBD_CDC_OtherSpeedCfgDesc
                0x00000000200000e0       0x43 ./Middlewares/ST/STM32_USB_Device_Library/Class/CDC/Src/usbd_cdc.o
 *fill*         0x0000000020000123        0x1 
 .data.USBD_Interface_fops_FS
                0x0000000020000124       0x14 ./USB_DEVICE/App/usbd_cdc_if.o
                0x0000000020000124                USBD_Interface_fops_FS
 .data.FS_Desc  0x0000000020000138       0x1c ./USB_DEVICE/App/usbd_desc.o
                0x0000000020000138                FS_Desc
 .data.USBD_FS_DeviceDesc
                0x0000000020000154       0x12 ./USB_DEVICE/App/usbd_desc.o
                0x0000000020000154                USBD_FS_DeviceDesc
 *fill*         0x0000000020000166        0x2 
 .data.USBD_LangIDDesc
                0x0000000020000168        0x4 ./USB_DEVICE/App/usbd_desc.o
                0x0000000020000168                USBD_LangIDDesc
 .data.USBD_StringSerial
                0x000000002000016c       0x1a ./USB_DEVICE/App/usbd_desc.o
                0x000000002000016c                USBD_StringSerial
 *(.RamFunc)
 *(.RamFunc*)
                0x0000000020000188                . = ALIGN (0x4)
 *fill*         0x0000000020000186        0x2 
                0x0000000020000188                _edata = .
                0x0000000008009ae4                _siccmram = LOADADDR (.ccmram)

.igot.plt       0x0000000020000188        0x0 load address 0x0000000008009ae4
 .igot.plt      0x0000000020000188        0x0 /home/falls/st/stm32cubeide_1.7.0/plugins/com.st.stm32cube.ide.mcu.externaltools.gnu-tools-for-stm32.9-2020-q2-update.linux64_2.0.0.202105311346/tools/bin/../lib/gcc/arm-none-eabi/9.3.1/thumb/v7e-m+fp/hard/crtbegin.o

.ccmram         0x0000000010000000        0x0 load address 0x0000000008009ae4
                0x0000000010000000                . = ALIGN (0x4)
                0x0000000010000000                _sccmram = .
 *(.ccmram)
 *(.ccmram*)
                0x0000000010000000                . = ALIGN (0x4)
                0x0000000010000000                _eccmram = .
                0x0000000010000000                . = ALIGN (0x4)

.bss            0x0000000020000188     0x20b0
                0x0000000020000188                _sbss = .
                0x0000000020000188                __bss_start__ = _sbss
 *(.bss)
 .bss           0x0000000020000188       0x1c /home/falls/st/stm32cubeide_1.7.0/plugins/com.st.stm32cube.ide.mcu.externaltools.gnu-tools-for-stm32.9-2020-q2-update.linux64_2.0.0.202105311346/tools/bin/../lib/gcc/arm-none-eabi/9.3.1/thumb/v7e-m+fp/hard/crtbegin.o
 *(.bss*)
 .bss.SSD1306_Buffer
                0x00000000200001a4      0x400 ./Core/Src/ssd1306.o
 .bss.SSD1306   0x00000000200005a4        0x6 ./Core/Src/ssd1306.o
 .bss.cfgidx.10314
                0x00000000200005aa        0x1 ./Middlewares/ST/STM32_USB_Device_Library/Core/Src/usbd_ctlreq.o
 *fill*         0x00000000200005ab        0x1 
 .bss.mem.10383
                0x00000000200005ac      0x220 ./USB_DEVICE/Target/usbd_conf.o
 *(COMMON)
 COMMON         0x00000000200007cc       0x54 ./Core/Src/debug_mode.o
                0x00000000200007cc                hi2c
 COMMON         0x0000000020000820      0x13c ./Core/Src/main.o
                0x0000000020000820                hi2c3
                0x0000000020000874                hi2c1
                0x00000000200008c8                hi2c2
                0x000000002000091c                buffer
 COMMON         0x000000002000095c        0x4 ./Drivers/STM32F4xx_HAL_Driver/Src/stm32f4xx_hal.o
                0x000000002000095c                uwTick
 COMMON         0x0000000020000960      0x2d0 ./USB_DEVICE/App/usb_device.o
                0x0000000020000960                hUsbDeviceFS
 COMMON         0x0000000020000c30     0x1000 ./USB_DEVICE/App/usbd_cdc_if.o
                0x0000000020000c30                UserRxBufferFS
                0x0000000020001430                UserTxBufferFS
 COMMON         0x0000000020001c30      0x200 ./USB_DEVICE/App/usbd_desc.o
                0x0000000020001c30                USBD_StrDesc
 COMMON         0x0000000020001e30      0x408 ./USB_DEVICE/Target/usbd_conf.o
                0x0000000020001e30                hpcd_USB_OTG_FS
                0x0000000020002238                . = ALIGN (0x4)
                0x0000000020002238                _ebss = .
                0x0000000020002238                __bss_end__ = _ebss

._user_heap_stack
                0x0000000020002238      0x600
                0x0000000020002238                . = ALIGN (0x8)
                [!provide]                        PROVIDE (end = .)
                0x0000000020002238                PROVIDE (_end = .)
                0x0000000020002438                . = (. + _Min_Heap_Size)
 *fill*         0x0000000020002238      0x200 
                0x0000000020002838                . = (. + _Min_Stack_Size)
 *fill*         0x0000000020002438      0x400 
                0x0000000020002838                . = ALIGN (0x8)

/DISCARD/
 libc.a(*)
 libm.a(*)
 libgcc.a(*)

.ARM.attributes
                0x0000000000000000       0x30
 *(.ARM.attributes)
 .ARM.attributes
                0x0000000000000000       0x1e /home/falls/st/stm32cubeide_1.7.0/plugins/com.st.stm32cube.ide.mcu.externaltools.gnu-tools-for-stm32.9-2020-q2-update.linux64_2.0.0.202105311346/tools/bin/../lib/gcc/arm-none-eabi/9.3.1/thumb/v7e-m+fp/hard/crti.o
 .ARM.attributes
                0x000000000000001e       0x34 /home/falls/st/stm32cubeide_1.7.0/plugins/com.st.stm32cube.ide.mcu.externaltools.gnu-tools-for-stm32.9-2020-q2-update.linux64_2.0.0.202105311346/tools/bin/../lib/gcc/arm-none-eabi/9.3.1/thumb/v7e-m+fp/hard/crtbegin.o
 .ARM.attributes
                0x0000000000000052       0x34 ./Core/Src/common.o
 .ARM.attributes
                0x0000000000000086       0x34 ./Core/Src/debug_mode.o
 .ARM.attributes
                0x00000000000000ba       0x34 ./Core/Src/main.o
 .ARM.attributes
                0x00000000000000ee       0x34 ./Core/Src/mlx90632.o
 .ARM.attributes
                0x0000000000000122       0x34 ./Core/Src/ssd1306.o
 .ARM.attributes
                0x0000000000000156       0x34 ./Core/Src/ssd1306_fonts.o
 .ARM.attributes
                0x000000000000018a       0x34 ./Core/Src/stm32f4xx_hal_msp.o
 .ARM.attributes
                0x00000000000001be       0x34 ./Core/Src/stm32f4xx_it.o
 .ARM.attributes
                0x00000000000001f2       0x34 ./Core/Src/system_stm32f4xx.o
 .ARM.attributes
                0x0000000000000226       0x21 ./Core/Startup/startup_stm32f407vgtx.o
 .ARM.attributes
                0x0000000000000247       0x34 ./Drivers/STM32F4xx_HAL_Driver/Src/stm32f4xx_hal.o
 .ARM.attributes
                0x000000000000027b       0x34 ./Drivers/STM32F4xx_HAL_Driver/Src/stm32f4xx_hal_cortex.o
 .ARM.attributes
                0x00000000000002af       0x34 ./Drivers/STM32F4xx_HAL_Driver/Src/stm32f4xx_hal_gpio.o
 .ARM.attributes
                0x00000000000002e3       0x34 ./Drivers/STM32F4xx_HAL_Driver/Src/stm32f4xx_hal_i2c.o
 .ARM.attributes
                0x0000000000000317       0x34 ./Drivers/STM32F4xx_HAL_Driver/Src/stm32f4xx_hal_pcd.o
 .ARM.attributes
                0x000000000000034b       0x34 ./Drivers/STM32F4xx_HAL_Driver/Src/stm32f4xx_hal_pcd_ex.o
 .ARM.attributes
                0x000000000000037f       0x34 ./Drivers/STM32F4xx_HAL_Driver/Src/stm32f4xx_hal_rcc.o
 .ARM.attributes
                0x00000000000003b3       0x34 ./Drivers/STM32F4xx_HAL_Driver/Src/stm32f4xx_ll_usb.o
 .ARM.attributes
                0x00000000000003e7       0x34 ./Middlewares/ST/STM32_USB_Device_Library/Class/CDC/Src/usbd_cdc.o
 .ARM.attributes
                0x000000000000041b       0x34 ./Middlewares/ST/STM32_USB_Device_Library/Core/Src/usbd_core.o
 .ARM.attributes
                0x000000000000044f       0x34 ./Middlewares/ST/STM32_USB_Device_Library/Core/Src/usbd_ctlreq.o
 .ARM.attributes
                0x0000000000000483       0x34 ./Middlewares/ST/STM32_USB_Device_Library/Core/Src/usbd_ioreq.o
 .ARM.attributes
                0x00000000000004b7       0x34 ./USB_DEVICE/App/usb_device.o
 .ARM.attributes
                0x00000000000004eb       0x34 ./USB_DEVICE/App/usbd_cdc_if.o
 .ARM.attributes
                0x000000000000051f       0x34 ./USB_DEVICE/App/usbd_desc.o
 .ARM.attributes
                0x0000000000000553       0x34 ./USB_DEVICE/Target/usbd_conf.o
 .ARM.attributes
                0x0000000000000587       0x34 /home/falls/st/stm32cubeide_1.7.0/plugins/com.st.stm32cube.ide.mcu.externaltools.gnu-tools-for-stm32.9-2020-q2-update.linux64_2.0.0.202105311346/tools/bin/../lib/gcc/arm-none-eabi/9.3.1/../../../../arm-none-eabi/lib/thumb/v7e-m+fp/hard/libc_nano.a(lib_a-init.o)
 .ARM.attributes
                0x00000000000005bb       0x34 /home/falls/st/stm32cubeide_1.7.0/plugins/com.st.stm32cube.ide.mcu.externaltools.gnu-tools-for-stm32.9-2020-q2-update.linux64_2.0.0.202105311346/tools/bin/../lib/gcc/arm-none-eabi/9.3.1/../../../../arm-none-eabi/lib/thumb/v7e-m+fp/hard/libc_nano.a(lib_a-memcpy-stub.o)
 .ARM.attributes
                0x00000000000005ef       0x34 /home/falls/st/stm32cubeide_1.7.0/plugins/com.st.stm32cube.ide.mcu.externaltools.gnu-tools-for-stm32.9-2020-q2-update.linux64_2.0.0.202105311346/tools/bin/../lib/gcc/arm-none-eabi/9.3.1/../../../../arm-none-eabi/lib/thumb/v7e-m+fp/hard/libc_nano.a(lib_a-memset.o)
 .ARM.attributes
                0x0000000000000623       0x1e /home/falls/st/stm32cubeide_1.7.0/plugins/com.st.stm32cube.ide.mcu.externaltools.gnu-tools-for-stm32.9-2020-q2-update.linux64_2.0.0.202105311346/tools/bin/../lib/gcc/arm-none-eabi/9.3.1/thumb/v7e-m+fp/hard/libgcc.a(_arm_muldf3.o)
 .ARM.attributes
                0x0000000000000641       0x1e /home/falls/st/stm32cubeide_1.7.0/plugins/com.st.stm32cube.ide.mcu.externaltools.gnu-tools-for-stm32.9-2020-q2-update.linux64_2.0.0.202105311346/tools/bin/../lib/gcc/arm-none-eabi/9.3.1/thumb/v7e-m+fp/hard/libgcc.a(_arm_addsubdf3.o)
 .ARM.attributes
                0x000000000000065f       0x1e /home/falls/st/stm32cubeide_1.7.0/plugins/com.st.stm32cube.ide.mcu.externaltools.gnu-tools-for-stm32.9-2020-q2-update.linux64_2.0.0.202105311346/tools/bin/../lib/gcc/arm-none-eabi/9.3.1/thumb/v7e-m+fp/hard/libgcc.a(_arm_fixdfsi.o)
 .ARM.attributes
                0x000000000000067d       0x1e /home/falls/st/stm32cubeide_1.7.0/plugins/com.st.stm32cube.ide.mcu.externaltools.gnu-tools-for-stm32.9-2020-q2-update.linux64_2.0.0.202105311346/tools/bin/../lib/gcc/arm-none-eabi/9.3.1/thumb/v7e-m+fp/hard/libgcc.a(_aeabi_uldivmod.o)
 .ARM.attributes
                0x000000000000069b       0x34 /home/falls/st/stm32cubeide_1.7.0/plugins/com.st.stm32cube.ide.mcu.externaltools.gnu-tools-for-stm32.9-2020-q2-update.linux64_2.0.0.202105311346/tools/bin/../lib/gcc/arm-none-eabi/9.3.1/thumb/v7e-m+fp/hard/libgcc.a(_udivmoddi4.o)
 .ARM.attributes
                0x00000000000006cf       0x1e /home/falls/st/stm32cubeide_1.7.0/plugins/com.st.stm32cube.ide.mcu.externaltools.gnu-tools-for-stm32.9-2020-q2-update.linux64_2.0.0.202105311346/tools/bin/../lib/gcc/arm-none-eabi/9.3.1/thumb/v7e-m+fp/hard/libgcc.a(_dvmd_tls.o)
 .ARM.attributes
                0x00000000000006ed       0x1e /home/falls/st/stm32cubeide_1.7.0/plugins/com.st.stm32cube.ide.mcu.externaltools.gnu-tools-for-stm32.9-2020-q2-update.linux64_2.0.0.202105311346/tools/bin/../lib/gcc/arm-none-eabi/9.3.1/thumb/v7e-m+fp/hard/crtn.o
OUTPUT(Thermometer.elf elf32-littlearm)
LOAD linker stubs
LOAD /home/falls/st/stm32cubeide_1.7.0/plugins/com.st.stm32cube.ide.mcu.externaltools.gnu-tools-for-stm32.9-2020-q2-update.linux64_2.0.0.202105311346/tools/bin/../lib/gcc/arm-none-eabi/9.3.1/../../../../arm-none-eabi/lib/thumb/v7e-m+fp/hard/libc.a
LOAD /home/falls/st/stm32cubeide_1.7.0/plugins/com.st.stm32cube.ide.mcu.externaltools.gnu-tools-for-stm32.9-2020-q2-update.linux64_2.0.0.202105311346/tools/bin/../lib/gcc/arm-none-eabi/9.3.1/../../../../arm-none-eabi/lib/thumb/v7e-m+fp/hard/libm.a
LOAD /home/falls/st/stm32cubeide_1.7.0/plugins/com.st.stm32cube.ide.mcu.externaltools.gnu-tools-for-stm32.9-2020-q2-update.linux64_2.0.0.202105311346/tools/bin/../lib/gcc/arm-none-eabi/9.3.1/thumb/v7e-m+fp/hard/libgcc.a

.debug_info     0x0000000000000000    0x1f82e
 .debug_info    0x0000000000000000     0x110a ./Core/Src/common.o
 .debug_info    0x000000000000110a     0x109a ./Core/Src/debug_mode.o
 .debug_info    0x00000000000021a4     0x173c ./Core/Src/main.o
 .debug_info    0x00000000000038e0     0x1176 ./Core/Src/mlx90632.o
 .debug_info    0x0000000000004a56     0x1a89 ./Core/Src/ssd1306.o
 .debug_info    0x00000000000064df      0xbd3 ./Core/Src/ssd1306_fonts.o
 .debug_info    0x00000000000070b2     0x1455 ./Core/Src/stm32f4xx_hal_msp.o
 .debug_info    0x0000000000008507     0x152b ./Core/Src/stm32f4xx_it.o
 .debug_info    0x0000000000009a32      0x5a4 ./Core/Src/system_stm32f4xx.o
 .debug_info    0x0000000000009fd6       0x22 ./Core/Startup/startup_stm32f407vgtx.o
 .debug_info    0x0000000000009ff8      0x9b2 ./Drivers/STM32F4xx_HAL_Driver/Src/stm32f4xx_hal.o
 .debug_info    0x000000000000a9aa      0xed7 ./Drivers/STM32F4xx_HAL_Driver/Src/stm32f4xx_hal_cortex.o
 .debug_info    0x000000000000b881      0x83e ./Drivers/STM32F4xx_HAL_Driver/Src/stm32f4xx_hal_gpio.o
 .debug_info    0x000000000000c0bf     0x264d ./Drivers/STM32F4xx_HAL_Driver/Src/stm32f4xx_hal_i2c.o
 .debug_info    0x000000000000e70c     0x12dd ./Drivers/STM32F4xx_HAL_Driver/Src/stm32f4xx_hal_pcd.o
 .debug_info    0x000000000000f9e9      0x7c3 ./Drivers/STM32F4xx_HAL_Driver/Src/stm32f4xx_hal_pcd_ex.o
 .debug_info    0x00000000000101ac      0x996 ./Drivers/STM32F4xx_HAL_Driver/Src/stm32f4xx_hal_rcc.o
 .debug_info    0x0000000000010b42     0x1ab4 ./Drivers/STM32F4xx_HAL_Driver/Src/stm32f4xx_ll_usb.o
 .debug_info    0x00000000000125f6     0x1f2f ./Middlewares/ST/STM32_USB_Device_Library/Class/CDC/Src/usbd_cdc.o
 .debug_info    0x0000000000014525     0x1972 ./Middlewares/ST/STM32_USB_Device_Library/Core/Src/usbd_core.o
 .debug_info    0x0000000000015e97     0x193e ./Middlewares/ST/STM32_USB_Device_Library/Core/Src/usbd_ctlreq.o
 .debug_info    0x00000000000177d5     0x1660 ./Middlewares/ST/STM32_USB_Device_Library/Core/Src/usbd_ioreq.o
 .debug_info    0x0000000000018e35     0x15c9 ./USB_DEVICE/App/usb_device.o
 .debug_info    0x000000000001a3fe     0x1826 ./USB_DEVICE/App/usbd_cdc_if.o
 .debug_info    0x000000000001bc24     0x13c5 ./USB_DEVICE/App/usbd_desc.o
 .debug_info    0x000000000001cfe9     0x2845 ./USB_DEVICE/Target/usbd_conf.o

.debug_abbrev   0x0000000000000000     0x3e91
 .debug_abbrev  0x0000000000000000      0x233 ./Core/Src/common.o
 .debug_abbrev  0x0000000000000233      0x233 ./Core/Src/debug_mode.o
 .debug_abbrev  0x0000000000000466      0x2dd ./Core/Src/main.o
 .debug_abbrev  0x0000000000000743      0x23c ./Core/Src/mlx90632.o
 .debug_abbrev  0x000000000000097f      0x36d ./Core/Src/ssd1306.o
 .debug_abbrev  0x0000000000000cec      0x208 ./Core/Src/ssd1306_fonts.o
 .debug_abbrev  0x0000000000000ef4      0x22b ./Core/Src/stm32f4xx_hal_msp.o
 .debug_abbrev  0x000000000000111f      0x233 ./Core/Src/stm32f4xx_it.o
 .debug_abbrev  0x0000000000001352      0x145 ./Core/Src/system_stm32f4xx.o
 .debug_abbrev  0x0000000000001497       0x12 ./Core/Startup/startup_stm32f407vgtx.o
 .debug_abbrev  0x00000000000014a9      0x1ed ./Drivers/STM32F4xx_HAL_Driver/Src/stm32f4xx_hal.o
 .debug_abbrev  0x0000000000001696      0x33c ./Drivers/STM32F4xx_HAL_Driver/Src/stm32f4xx_hal_cortex.o
 .debug_abbrev  0x00000000000019d2      0x1f1 ./Drivers/STM32F4xx_HAL_Driver/Src/stm32f4xx_hal_gpio.o
 .debug_abbrev  0x0000000000001bc3      0x282 ./Drivers/STM32F4xx_HAL_Driver/Src/stm32f4xx_hal_i2c.o
 .debug_abbrev  0x0000000000001e45      0x2a0 ./Drivers/STM32F4xx_HAL_Driver/Src/stm32f4xx_hal_pcd.o
 .debug_abbrev  0x00000000000020e5      0x1fb ./Drivers/STM32F4xx_HAL_Driver/Src/stm32f4xx_hal_pcd_ex.o
 .debug_abbrev  0x00000000000022e0      0x275 ./Drivers/STM32F4xx_HAL_Driver/Src/stm32f4xx_hal_rcc.o
 .debug_abbrev  0x0000000000002555      0x2a7 ./Drivers/STM32F4xx_HAL_Driver/Src/stm32f4xx_ll_usb.o
 .debug_abbrev  0x00000000000027fc      0x320 ./Middlewares/ST/STM32_USB_Device_Library/Class/CDC/Src/usbd_cdc.o
 .debug_abbrev  0x0000000000002b1c      0x2db ./Middlewares/ST/STM32_USB_Device_Library/Core/Src/usbd_core.o
 .debug_abbrev  0x0000000000002df7      0x30f ./Middlewares/ST/STM32_USB_Device_Library/Core/Src/usbd_ctlreq.o
 .debug_abbrev  0x0000000000003106      0x24e ./Middlewares/ST/STM32_USB_Device_Library/Core/Src/usbd_ioreq.o
 .debug_abbrev  0x0000000000003354      0x215 ./USB_DEVICE/App/usb_device.o
 .debug_abbrev  0x0000000000003569      0x32e ./USB_DEVICE/App/usbd_cdc_if.o
 .debug_abbrev  0x0000000000003897      0x2ce ./USB_DEVICE/App/usbd_desc.o
 .debug_abbrev  0x0000000000003b65      0x32c ./USB_DEVICE/Target/usbd_conf.o

.debug_aranges  0x0000000000000000      0xf78
 .debug_aranges
                0x0000000000000000       0x28 ./Core/Src/common.o
 .debug_aranges
                0x0000000000000028       0x30 ./Core/Src/debug_mode.o
 .debug_aranges
                0x0000000000000058       0x58 ./Core/Src/main.o
 .debug_aranges
                0x00000000000000b0       0x38 ./Core/Src/mlx90632.o
 .debug_aranges
                0x00000000000000e8       0xf8 ./Core/Src/ssd1306.o
 .debug_aranges
                0x00000000000001e0       0x20 ./Core/Src/ssd1306_fonts.o
 .debug_aranges
                0x0000000000000200       0x30 ./Core/Src/stm32f4xx_hal_msp.o
 .debug_aranges
                0x0000000000000230       0x68 ./Core/Src/stm32f4xx_it.o
 .debug_aranges
                0x0000000000000298       0x28 ./Core/Src/system_stm32f4xx.o
 .debug_aranges
                0x00000000000002c0       0x28 ./Core/Startup/startup_stm32f407vgtx.o
 .debug_aranges
                0x00000000000002e8       0xf0 ./Drivers/STM32F4xx_HAL_Driver/Src/stm32f4xx_hal.o
 .debug_aranges
                0x00000000000003d8      0x118 ./Drivers/STM32F4xx_HAL_Driver/Src/stm32f4xx_hal_cortex.o
 .debug_aranges
                0x00000000000004f0       0x58 ./Drivers/STM32F4xx_HAL_Driver/Src/stm32f4xx_hal_gpio.o
 .debug_aranges
                0x0000000000000548      0x2a0 ./Drivers/STM32F4xx_HAL_Driver/Src/stm32f4xx_hal_i2c.o
 .debug_aranges
                0x00000000000007e8      0x138 ./Drivers/STM32F4xx_HAL_Driver/Src/stm32f4xx_hal_pcd.o
 .debug_aranges
                0x0000000000000920       0x38 ./Drivers/STM32F4xx_HAL_Driver/Src/stm32f4xx_hal_pcd_ex.o
 .debug_aranges
                0x0000000000000958       0x88 ./Drivers/STM32F4xx_HAL_Driver/Src/stm32f4xx_hal_rcc.o
 .debug_aranges
                0x00000000000009e0      0x198 ./Drivers/STM32F4xx_HAL_Driver/Src/stm32f4xx_ll_usb.o
 .debug_aranges
                0x0000000000000b78       0x90 ./Middlewares/ST/STM32_USB_Device_Library/Class/CDC/Src/usbd_cdc.o
 .debug_aranges
                0x0000000000000c08       0xb8 ./Middlewares/ST/STM32_USB_Device_Library/Core/Src/usbd_core.o
 .debug_aranges
                0x0000000000000cc0       0x90 ./Middlewares/ST/STM32_USB_Device_Library/Core/Src/usbd_ctlreq.o
 .debug_aranges
                0x0000000000000d50       0x50 ./Middlewares/ST/STM32_USB_Device_Library/Core/Src/usbd_ioreq.o
 .debug_aranges
                0x0000000000000da0       0x20 ./USB_DEVICE/App/usb_device.o
 .debug_aranges
                0x0000000000000dc0       0x48 ./USB_DEVICE/App/usbd_cdc_if.o
 .debug_aranges
                0x0000000000000e08       0x60 ./USB_DEVICE/App/usbd_desc.o
 .debug_aranges
                0x0000000000000e68      0x110 ./USB_DEVICE/Target/usbd_conf.o

.debug_ranges   0x0000000000000000      0xe08
 .debug_ranges  0x0000000000000000       0x18 ./Core/Src/common.o
 .debug_ranges  0x0000000000000018       0x20 ./Core/Src/debug_mode.o
 .debug_ranges  0x0000000000000038       0x48 ./Core/Src/main.o
 .debug_ranges  0x0000000000000080       0x28 ./Core/Src/mlx90632.o
 .debug_ranges  0x00000000000000a8       0xe8 ./Core/Src/ssd1306.o
 .debug_ranges  0x0000000000000190       0x10 ./Core/Src/ssd1306_fonts.o
 .debug_ranges  0x00000000000001a0       0x20 ./Core/Src/stm32f4xx_hal_msp.o
 .debug_ranges  0x00000000000001c0       0x58 ./Core/Src/stm32f4xx_it.o
 .debug_ranges  0x0000000000000218       0x18 ./Core/Src/system_stm32f4xx.o
 .debug_ranges  0x0000000000000230       0x20 ./Core/Startup/startup_stm32f407vgtx.o
 .debug_ranges  0x0000000000000250       0xe0 ./Drivers/STM32F4xx_HAL_Driver/Src/stm32f4xx_hal.o
 .debug_ranges  0x0000000000000330      0x108 ./Drivers/STM32F4xx_HAL_Driver/Src/stm32f4xx_hal_cortex.o
 .debug_ranges  0x0000000000000438       0x48 ./Drivers/STM32F4xx_HAL_Driver/Src/stm32f4xx_hal_gpio.o
 .debug_ranges  0x0000000000000480      0x2b8 ./Drivers/STM32F4xx_HAL_Driver/Src/stm32f4xx_hal_i2c.o
 .debug_ranges  0x0000000000000738      0x128 ./Drivers/STM32F4xx_HAL_Driver/Src/stm32f4xx_hal_pcd.o
 .debug_ranges  0x0000000000000860       0x28 ./Drivers/STM32F4xx_HAL_Driver/Src/stm32f4xx_hal_pcd_ex.o
 .debug_ranges  0x0000000000000888       0x78 ./Drivers/STM32F4xx_HAL_Driver/Src/stm32f4xx_hal_rcc.o
 .debug_ranges  0x0000000000000900      0x188 ./Drivers/STM32F4xx_HAL_Driver/Src/stm32f4xx_ll_usb.o
 .debug_ranges  0x0000000000000a88       0x80 ./Middlewares/ST/STM32_USB_Device_Library/Class/CDC/Src/usbd_cdc.o
 .debug_ranges  0x0000000000000b08       0xa8 ./Middlewares/ST/STM32_USB_Device_Library/Core/Src/usbd_core.o
 .debug_ranges  0x0000000000000bb0       0x80 ./Middlewares/ST/STM32_USB_Device_Library/Core/Src/usbd_ctlreq.o
 .debug_ranges  0x0000000000000c30       0x40 ./Middlewares/ST/STM32_USB_Device_Library/Core/Src/usbd_ioreq.o
 .debug_ranges  0x0000000000000c70       0x10 ./USB_DEVICE/App/usb_device.o
 .debug_ranges  0x0000000000000c80       0x38 ./USB_DEVICE/App/usbd_cdc_if.o
 .debug_ranges  0x0000000000000cb8       0x50 ./USB_DEVICE/App/usbd_desc.o
 .debug_ranges  0x0000000000000d08      0x100 ./USB_DEVICE/Target/usbd_conf.o

.debug_macro    0x0000000000000000    0x249ee
 .debug_macro   0x0000000000000000      0x357 ./Core/Src/common.o
 .debug_macro   0x0000000000000357      0xaa8 ./Core/Src/common.o
 .debug_macro   0x0000000000000dff      0x29b ./Core/Src/common.o
 .debug_macro   0x000000000000109a       0x2e ./Core/Src/common.o
 .debug_macro   0x00000000000010c8       0x2f ./Core/Src/common.o
 .debug_macro   0x00000000000010f7       0x22 ./Core/Src/common.o
 .debug_macro   0x0000000000001119       0x8e ./Core/Src/common.o
 .debug_macro   0x00000000000011a7       0x51 ./Core/Src/common.o
 .debug_macro   0x00000000000011f8      0x103 ./Core/Src/common.o
 .debug_macro   0x00000000000012fb       0x6a ./Core/Src/common.o
 .debug_macro   0x0000000000001365      0x1df ./Core/Src/common.o
 .debug_macro   0x0000000000001544       0x1c ./Core/Src/common.o
 .debug_macro   0x0000000000001560       0x22 ./Core/Src/common.o
 .debug_macro   0x0000000000001582       0xdf ./Core/Src/common.o
 .debug_macro   0x0000000000001661     0x102d ./Core/Src/common.o
 .debug_macro   0x000000000000268e      0x11f ./Core/Src/common.o
 .debug_macro   0x00000000000027ad    0x15e58 ./Core/Src/common.o
 .debug_macro   0x0000000000018605       0x6d ./Core/Src/common.o
 .debug_macro   0x0000000000018672     0x3666 ./Core/Src/common.o
 .debug_macro   0x000000000001bcd8      0x174 ./Core/Src/common.o
 .debug_macro   0x000000000001be4c       0x5c ./Core/Src/common.o
 .debug_macro   0x000000000001bea8      0x96b ./Core/Src/common.o
 .debug_macro   0x000000000001c813      0x9fe ./Core/Src/common.o
 .debug_macro   0x000000000001d211      0x116 ./Core/Src/common.o
 .debug_macro   0x000000000001d327      0x13e ./Core/Src/common.o
 .debug_macro   0x000000000001d465       0xa5 ./Core/Src/common.o
 .debug_macro   0x000000000001d50a      0x174 ./Core/Src/common.o
 .debug_macro   0x000000000001d67e      0x287 ./Core/Src/common.o
 .debug_macro   0x000000000001d905       0x5f ./Core/Src/common.o
 .debug_macro   0x000000000001d964      0x236 ./Core/Src/common.o
 .debug_macro   0x000000000001db9a      0x12c ./Core/Src/common.o
 .debug_macro   0x000000000001dcc6      0x21e ./Core/Src/common.o
 .debug_macro   0x000000000001dee4       0x2e ./Core/Src/common.o
 .debug_macro   0x000000000001df12      0x1b5 ./Core/Src/common.o
 .debug_macro   0x000000000001e0c7       0xd6 ./Core/Src/common.o
 .debug_macro   0x000000000001e19d      0x11a ./Core/Src/common.o
 .debug_macro   0x000000000001e2b7       0x7e ./Core/Src/common.o
 .debug_macro   0x000000000001e335       0x89 ./Core/Src/common.o
 .debug_macro   0x000000000001e3be      0x21e ./Core/Src/common.o
 .debug_macro   0x000000000001e5dc       0xba ./Core/Src/common.o
 .debug_macro   0x000000000001e696      0x12d ./Core/Src/common.o
 .debug_macro   0x000000000001e7c3       0x52 ./Core/Src/common.o
 .debug_macro   0x000000000001e815       0x18 ./Core/Src/common.o
 .debug_macro   0x000000000001e82d       0x3c ./Core/Src/common.o
 .debug_macro   0x000000000001e869       0x34 ./Core/Src/common.o
 .debug_macro   0x000000000001e89d       0x16 ./Core/Src/common.o
 .debug_macro   0x000000000001e8b3       0x35 ./Core/Src/common.o
 .debug_macro   0x000000000001e8e8      0x333 ./Core/Src/common.o
 .debug_macro   0x000000000001ec1b       0x10 ./Core/Src/common.o
 .debug_macro   0x000000000001ec2b       0x16 ./Core/Src/common.o
 .debug_macro   0x000000000001ec41       0x43 ./Core/Src/common.o
 .debug_macro   0x000000000001ec84       0x34 ./Core/Src/common.o
 .debug_macro   0x000000000001ecb8       0x10 ./Core/Src/common.o
 .debug_macro   0x000000000001ecc8       0x58 ./Core/Src/common.o
 .debug_macro   0x000000000001ed20       0x71 ./Core/Src/common.o
 .debug_macro   0x000000000001ed91       0x1c ./Core/Src/common.o
 .debug_macro   0x000000000001edad      0x12a ./Core/Src/common.o
 .debug_macro   0x000000000001eed7       0x10 ./Core/Src/common.o
 .debug_macro   0x000000000001eee7       0x1c ./Core/Src/common.o
 .debug_macro   0x000000000001ef03       0x52 ./Core/Src/common.o
 .debug_macro   0x000000000001ef55       0x22 ./Core/Src/common.o
 .debug_macro   0x000000000001ef77       0x10 ./Core/Src/common.o
 .debug_macro   0x000000000001ef87       0x40 ./Core/Src/common.o
 .debug_macro   0x000000000001efc7       0xd5 ./Core/Src/common.o
 .debug_macro   0x000000000001f09c       0x1c ./Core/Src/common.o
 .debug_macro   0x000000000001f0b8       0x3d ./Core/Src/common.o
 .debug_macro   0x000000000001f0f5       0x16 ./Core/Src/common.o
 .debug_macro   0x000000000001f10b      0x145 ./Core/Src/common.o
 .debug_macro   0x000000000001f250      0x318 ./Core/Src/debug_mode.o
 .debug_macro   0x000000000001f568       0x10 ./Core/Src/debug_mode.o
 .debug_macro   0x000000000001f578       0x20 ./Core/Src/debug_mode.o
 .debug_macro   0x000000000001f598       0x16 ./Core/Src/debug_mode.o
 .debug_macro   0x000000000001f5ae       0x16 ./Core/Src/debug_mode.o
 .debug_macro   0x000000000001f5c4       0x29 ./Core/Src/debug_mode.o
 .debug_macro   0x000000000001f5ed       0x1d ./Core/Src/debug_mode.o
 .debug_macro   0x000000000001f60a       0x4c ./Core/Src/debug_mode.o
 .debug_macro   0x000000000001f656      0x414 ./Core/Src/main.o
 .debug_macro   0x000000000001fa6a       0x10 ./Core/Src/main.o
 .debug_macro   0x000000000001fa7a       0x1c ./Core/Src/main.o
 .debug_macro   0x000000000001fa96       0xd0 ./Core/Src/main.o
 .debug_macro   0x000000000001fb66       0x6b ./Core/Src/main.o
 .debug_macro   0x000000000001fbd1      0x1ef ./Core/Src/main.o
 .debug_macro   0x000000000001fdc0      0x366 ./Core/Src/mlx90632.o
 .debug_macro   0x0000000000020126      0x351 ./Core/Src/ssd1306.o
 .debug_macro   0x0000000000020477      0x2c6 ./Core/Src/ssd1306_fonts.o
 .debug_macro   0x000000000002073d      0x3f2 ./Core/Src/stm32f4xx_hal_msp.o
 .debug_macro   0x0000000000020b2f      0x3fc ./Core/Src/stm32f4xx_it.o
 .debug_macro   0x0000000000020f2b      0x1ee ./Core/Src/system_stm32f4xx.o
 .debug_macro   0x0000000000021119      0x24e ./Drivers/STM32F4xx_HAL_Driver/Src/stm32f4xx_hal.o
 .debug_macro   0x0000000000021367      0x1ee ./Drivers/STM32F4xx_HAL_Driver/Src/stm32f4xx_hal_cortex.o
 .debug_macro   0x0000000000021555      0x1f4 ./Drivers/STM32F4xx_HAL_Driver/Src/stm32f4xx_hal_gpio.o
 .debug_macro   0x0000000000021749      0x235 ./Drivers/STM32F4xx_HAL_Driver/Src/stm32f4xx_hal_i2c.o
 .debug_macro   0x000000000002197e      0x1fa ./Drivers/STM32F4xx_HAL_Driver/Src/stm32f4xx_hal_pcd.o
 .debug_macro   0x0000000000021b78      0x1ee ./Drivers/STM32F4xx_HAL_Driver/Src/stm32f4xx_hal_pcd_ex.o
 .debug_macro   0x0000000000021d66      0x212 ./Drivers/STM32F4xx_HAL_Driver/Src/stm32f4xx_hal_rcc.o
 .debug_macro   0x0000000000021f78      0x1ee ./Drivers/STM32F4xx_HAL_Driver/Src/stm32f4xx_ll_usb.o
 .debug_macro   0x0000000000022166      0x445 ./Middlewares/ST/STM32_USB_Device_Library/Class/CDC/Src/usbd_cdc.o
 .debug_macro   0x00000000000225ab       0x97 ./Middlewares/ST/STM32_USB_Device_Library/Class/CDC/Src/usbd_cdc.o
 .debug_macro   0x0000000000022642       0xfd ./Middlewares/ST/STM32_USB_Device_Library/Class/CDC/Src/usbd_cdc.o
 .debug_macro   0x000000000002273f       0x16 ./Middlewares/ST/STM32_USB_Device_Library/Class/CDC/Src/usbd_cdc.o
 .debug_macro   0x0000000000022755       0xd9 ./Middlewares/ST/STM32_USB_Device_Library/Class/CDC/Src/usbd_cdc.o
 .debug_macro   0x000000000002282e       0x56 ./Middlewares/ST/STM32_USB_Device_Library/Class/CDC/Src/usbd_cdc.o
 .debug_macro   0x0000000000022884       0x65 ./Middlewares/ST/STM32_USB_Device_Library/Class/CDC/Src/usbd_cdc.o
 .debug_macro   0x00000000000228e9       0x95 ./Middlewares/ST/STM32_USB_Device_Library/Class/CDC/Src/usbd_cdc.o
 .debug_macro   0x000000000002297e      0x42c ./Middlewares/ST/STM32_USB_Device_Library/Core/Src/usbd_core.o
 .debug_macro   0x0000000000022daa      0x1f5 ./Middlewares/ST/STM32_USB_Device_Library/Core/Src/usbd_core.o
 .debug_macro   0x0000000000022f9f      0x436 ./Middlewares/ST/STM32_USB_Device_Library/Core/Src/usbd_ctlreq.o
 .debug_macro   0x00000000000233d5      0x432 ./Middlewares/ST/STM32_USB_Device_Library/Core/Src/usbd_ioreq.o
 .debug_macro   0x0000000000023807      0x465 ./USB_DEVICE/App/usb_device.o
 .debug_macro   0x0000000000023c6c       0x16 ./USB_DEVICE/App/usb_device.o
 .debug_macro   0x0000000000023c82       0x22 ./USB_DEVICE/App/usb_device.o
 .debug_macro   0x0000000000023ca4       0x16 ./USB_DEVICE/App/usb_device.o
 .debug_macro   0x0000000000023cba      0x450 ./USB_DEVICE/App/usbd_cdc_if.o
 .debug_macro   0x000000000002410a       0x10 ./USB_DEVICE/App/usbd_cdc_if.o
 .debug_macro   0x000000000002411a      0x46f ./USB_DEVICE/App/usbd_desc.o
 .debug_macro   0x0000000000024589       0x1c ./USB_DEVICE/App/usbd_desc.o
 .debug_macro   0x00000000000245a5      0x449 ./USB_DEVICE/Target/usbd_conf.o

.debug_line     0x0000000000000000    0x1612b
 .debug_line    0x0000000000000000      0x929 ./Core/Src/common.o
 .debug_line    0x0000000000000929      0x97e ./Core/Src/debug_mode.o
 .debug_line    0x00000000000012a7      0xbfc ./Core/Src/main.o
 .debug_line    0x0000000000001ea3      0x984 ./Core/Src/mlx90632.o
 .debug_line    0x0000000000002827     0x1033 ./Core/Src/ssd1306.o
 .debug_line    0x000000000000385a      0x862 ./Core/Src/ssd1306_fonts.o
 .debug_line    0x00000000000040bc      0xa22 ./Core/Src/stm32f4xx_hal_msp.o
 .debug_line    0x0000000000004ade      0xa37 ./Core/Src/stm32f4xx_it.o
 .debug_line    0x0000000000005515      0x76f ./Core/Src/system_stm32f4xx.o
 .debug_line    0x0000000000005c84       0x88 ./Core/Startup/startup_stm32f407vgtx.o
 .debug_line    0x0000000000005d0c      0x9d5 ./Drivers/STM32F4xx_HAL_Driver/Src/stm32f4xx_hal.o
 .debug_line    0x00000000000066e1      0xc84 ./Drivers/STM32F4xx_HAL_Driver/Src/stm32f4xx_hal_cortex.o
 .debug_line    0x0000000000007365      0xb4b ./Drivers/STM32F4xx_HAL_Driver/Src/stm32f4xx_hal_gpio.o
 .debug_line    0x0000000000007eb0     0x3981 ./Drivers/STM32F4xx_HAL_Driver/Src/stm32f4xx_hal_i2c.o
 .debug_line    0x000000000000b831     0x1322 ./Drivers/STM32F4xx_HAL_Driver/Src/stm32f4xx_hal_pcd.o
 .debug_line    0x000000000000cb53      0x7b8 ./Drivers/STM32F4xx_HAL_Driver/Src/stm32f4xx_hal_pcd_ex.o
 .debug_line    0x000000000000d30b      0xd4f ./Drivers/STM32F4xx_HAL_Driver/Src/stm32f4xx_hal_rcc.o
 .debug_line    0x000000000000e05a     0x1964 ./Drivers/STM32F4xx_HAL_Driver/Src/stm32f4xx_ll_usb.o
 .debug_line    0x000000000000f9be      0xdf3 ./Middlewares/ST/STM32_USB_Device_Library/Class/CDC/Src/usbd_cdc.o
 .debug_line    0x00000000000107b1      0xe76 ./Middlewares/ST/STM32_USB_Device_Library/Core/Src/usbd_core.o
 .debug_line    0x0000000000011627     0x10f6 ./Middlewares/ST/STM32_USB_Device_Library/Core/Src/usbd_ctlreq.o