cjson.c:101:28:cJSON_GetErrorPtr	4	static
cjson.c:106:22:cJSON_GetStringValue	16	static
cjson.c:116:22:cJSON_GetNumberValue	16	static
cjson.c:131:27:cJSON_Version	16	static
cjson.c:140:12:case_insensitive_strcmp	24	static
cjson.c:195:23:cJSON_strdup	24	static
cjson.c:216:20:cJSON_InitHooks	16	static
cjson.c:248:15:cJSON_New_Item	24	static
cjson.c:260:20:cJSON_Delete	24	static
cjson.c:284:22:get_decimal_point	4	static
cjson.c:312:19:parse_number	104	static
cjson.c:389:22:cJSON_SetNumberHelper	24	static
cjson.c:407:21:cJSON_SetValuestring	32	static
cjson.c:446:23:ensure	24	static
cjson.c:532:13:update_offset	32	static
cjson.c:545:19:compare_double	56	static
cjson.c:552:19:print_number	96	static
cjson.c:622:17:parse_hex4	24	static
cjson.c:659:22:utf16_literal_to_utf8	48	static
cjson.c:780:19:parse_string	48	static
cjson.c:909:19:print_string_ptr	40	static
cjson.c:1031:19:print_string	16	static
cjson.c:1045:22:buffer_skip_whitespace	16	static
cjson.c:1071:22:skip_utf8_bom	16	static
cjson.c:1086:23:cJSON_ParseWithOpts	32	static
cjson.c:1102:23:cJSON_ParseWithLengthOpts	64	static
cjson.c:1182:23:cJSON_Parse	16	static
cjson.c:1187:23:cJSON_ParseWithLength	16	static
cjson.c:1194:23:print	64	static
cjson.c:1259:22:cJSON_Print	16	static
cjson.c:1264:22:cJSON_PrintUnformatted	16	static
cjson.c:1269:22:cJSON_PrintBuffered	64	static
cjson.c:1299:26:cJSON_PrintPreallocated	64	static
cjson.c:1319:19:parse_value	16	static
cjson.c:1374:19:print_value	24	static
cjson.c:1448:19:parse_array	32	static
cjson.c:1546:19:print_array	32	static
cjson.c:1608:19:parse_object	32	static
cjson.c:1721:19:print_object	40	static
cjson.c:1835:19:cJSON_GetArraySize	24	static
cjson.c:1858:15:get_array_item	24	static
cjson.c:1877:23:cJSON_GetArrayItem	16	static
cjson.c:1887:15:get_object_item	32	static
cjson.c:1919:23:cJSON_GetObjectItem	16	static
cjson.c:1924:23:cJSON_GetObjectItemCaseSensitive	16	static
cjson.c:1929:26:cJSON_HasObjectItem	16	static
cjson.c:1935:13:suffix_object	16	static
cjson.c:1942:15:create_reference	24	static
cjson.c:1963:19:add_item_to_array	24	static
cjson.c:1997:26:cJSON_AddItemToArray	16	static
cjson.c:2009:14:cast_away_const	16	static
cjson.c:2018:19:add_item_to_object	32	static
cjson.c:2055:26:cJSON_AddItemToObject	32	static
cjson.c:2061:26:cJSON_AddItemToObjectCS	32	static
cjson.c:2066:26:cJSON_AddItemReferenceToArray	16	static
cjson.c:2076:26:cJSON_AddItemReferenceToObject	32	static
cjson.c:2086:22:cJSON_AddNullToObject	32	static
cjson.c:2098:22:cJSON_AddTrueToObject	32	static
cjson.c:2110:22:cJSON_AddFalseToObject	32	static
cjson.c:2122:22:cJSON_AddBoolToObject	40	static
cjson.c:2134:22:cJSON_AddNumberToObject	40	static
cjson.c:2146:22:cJSON_AddStringToObject	40	static
cjson.c:2158:22:cJSON_AddRawToObject	40	static
cjson.c:2170:22:cJSON_AddObjectToObject	32	static
cjson.c:2182:22:cJSON_AddArrayToObject	32	static
cjson.c:2194:23:cJSON_DetachItemViaPointer	16	static
cjson.c:2230:23:cJSON_DetachItemFromArray	16	static
cjson.c:2240:20:cJSON_DeleteItemFromArray	16	static
cjson.c:2245:23:cJSON_DetachItemFromObject	24	static
cjson.c:2252:23:cJSON_DetachItemFromObjectCaseSensitive	24	static
cjson.c:2259:20:cJSON_DeleteItemFromObject	16	static
cjson.c:2264:20:cJSON_DeleteItemFromObjectCaseSensitive	16	static
cjson.c:2270:26:cJSON_InsertItemInArray	32	static
cjson.c:2299:26:cJSON_ReplaceItemViaPointer	24	static
cjson.c:2348:26:cJSON_ReplaceItemInArray	24	static
cjson.c:2358:19:replace_item_in_object	24	static
cjson.c:2381:26:cJSON_ReplaceItemInObject	24	static
cjson.c:2386:26:cJSON_ReplaceItemInObjectCaseSensitive	24	static
cjson.c:2392:23:cJSON_CreateNull	16	static
cjson.c:2403:23:cJSON_CreateTrue	16	static
cjson.c:2414:23:cJSON_CreateFalse	16	static
cjson.c:2425:23:cJSON_CreateBool	24	static
cjson.c:2436:23:cJSON_CreateNumber	24	static
cjson.c:2462:23:cJSON_CreateString	24	static
cjson.c:2479:23:cJSON_CreateStringReference	24	static
cjson.c:2491:23:cJSON_CreateObjectReference	24	static
cjson.c:2502:23:cJSON_CreateArrayReference	24	static
cjson.c:2512:23:cJSON_CreateRaw	24	static
cjson.c:2529:23:cJSON_CreateArray	16	static
cjson.c:2540:23:cJSON_CreateObject	16	static
cjson.c:2552:23:cJSON_CreateIntArray	32	static
cjson.c:2592:23:cJSON_CreateFloatArray	32	static
cjson.c:2632:23:cJSON_CreateDoubleArray	32	static
cjson.c:2672:23:cJSON_CreateStringArray	32	static
cjson.c:2713:23:cJSON_Duplicate	32	static
cjson.c:2796:13:skip_oneline_comment	16	static
cjson.c:2809:13:skip_multiline_comment	16	static
cjson.c:2823:13:minify_string	16	static
cjson.c:2845:20:cJSON_Minify	24	static
cjson.c:2893:26:cJSON_IsInvalid	16	static
cjson.c:2903:26:cJSON_IsFalse	16	static
cjson.c:2913:26:cJSON_IsTrue	16	static
cjson.c:2924:26:cJSON_IsBool	16	static
cjson.c:2933:26:cJSON_IsNull	16	static
cjson.c:2943:26:cJSON_IsNumber	16	static
cjson.c:2953:26:cJSON_IsString	16	static
cjson.c:2963:26:cJSON_IsArray	16	static
cjson.c:2973:26:cJSON_IsObject	16	static
cjson.c:2983:26:cJSON_IsRaw	16	static
cjson.c:2993:26:cJSON_Compare	40	static
cjson.c:3118:22:cJSON_malloc	16	static
cjson.c:3123:20:cJSON_free	16	static
