main.c:103:6:HAL_TIM_PeriodElapsedCallback	16	static
main.c:165:6:float_temp_to_char_temp	32	static
main.c:183:12:mlx90632_read_eeprom	112	static
main.c:228:6:mlx90632_start_standard_mode	152	static
main.c:317:6:mlx90632_start_extended_mode	168	static
main.c:384:6:mlx90632_start_extended_burst_mode	168	static
main.c:461:6:mlx90614_start_standard_mode	104	static
main.c:519:5:main	88	static
main.c:622:6:SystemClock_Config	88	static
main.c:668:13:MX_I2C1_Init	8	static
main.c:702:13:MX_I2C2_Init	8	static
main.c:736:13:MX_I2C3_Init	8	static
main.c:770:13:MX_TIM1_Init	32	static
main.c:816:13:MX_GPIO_Init	48	static
main.c:853:6:Error_Handler	4	static,ignoring_inline_asm
