main.c:106:6:HAL_TIM_PeriodElapsedCallback	24	static
main.c:171:6:float_temp_to_char_temp	32	static
main.c:189:12:mlx90632_read_eeprom	112	static
main.c:234:6:mlx90632_start_standard_mode	152	static
main.c:323:6:mlx90632_start_extended_mode	168	static
main.c:391:6:mlx90632_start_extended_burst_mode	168	static
main.c:468:6:mlx90614_start_standard_mode	104	static
main.c:526:5:main	104	static
main.c:641:6:SystemClock_Config	88	static
main.c:687:13:MX_I2C1_Init	8	static
main.c:721:13:MX_I2C2_Init	8	static
main.c:755:13:MX_I2C3_Init	8	static
main.c:789:13:MX_TIM1_Init	32	static
main.c:835:13:MX_USART2_UART_Init	8	static
main.c:868:13:MX_GPIO_Init	48	static
main.c:905:6:Error_Handler	4	static,ignoring_inline_asm
