mlx90632.c:27:5:mlx90632_start_measurement	112	static
mlx90632.c:77:16:mlx90632_channel_new_select	24	static
mlx90632.c:110:16:mlx90632_read_temp_ambient_raw	112	static
mlx90632.c:142:16:mlx90632_read_temp_object_raw	128	static
mlx90632.c:178:9:mlx90632_read_temp_raw	112	static
mlx90632.c:199:9:mlx90632_read_temp_raw_burst	112	static
mlx90632.c:222:8:mlx90632_preprocess_temp_ambient	40	static
mlx90632.c:232:8:mlx90632_preprocess_temp_object	40	static
mlx90632.c:244:8:mlx90632_calc_temp_ambient	72	static
mlx90632.c:280:15:mlx90632_calc_temp_object_iteration	128	static
mlx90632.c:328:15:mlx90632_calc_temp_object_iteration_reflected	128	static
mlx90632.c:352:6:mlx90632_set_emissivity	16	static
mlx90632.c:357:8:mlx90632_get_emissivity	8	static
mlx90632.c:369:8:mlx90632_calc_temp_object	80	static
mlx90632.c:390:8:mlx90632_calc_temp_object_reflected	104	static
mlx90632.c:421:9:mlx90632_init	104	static
mlx90632.c:455:9:mlx90632_addressed_reset	104	static
mlx90632.c:482:9:mlx90632_get_measurement_time	112	static
mlx90632.c:497:9:mlx90632_calculate_dataset_ready_time	88	static
mlx90632.c:547:9:mlx90632_start_measurement_burst	112	static
mlx90632.c:592:16:mlx90632_unlock_eeporm	88	static
mlx90632.c:597:16:mlx90632_wait_for_eeprom_not_busy	104	static
mlx90632.c:610:16:mlx90632_erase_eeprom	112	static
mlx90632.c:625:16:mlx90632_write_eeprom	112	static
mlx90632.c:644:9:mlx90632_set_refresh_rate	120	static
mlx90632.c:675:17:mlx90632_get_refresh_rate	104	static
