mlx90632.c:27:5:mlx90632_start_measurement	112	static
mlx90632.c:81:16:mlx90632_channel_new_select	24	static
mlx90632.c:115:16:mlx90632_read_temp_ambient_raw	112	static
mlx90632.c:148:16:mlx90632_read_temp_object_raw	128	static
mlx90632.c:184:9:mlx90632_read_temp_raw	112	static
mlx90632.c:205:9:mlx90632_read_temp_raw_burst	112	static
mlx90632.c:228:8:mlx90632_preprocess_temp_ambient	40	static
mlx90632.c:238:8:mlx90632_preprocess_temp_object	40	static
mlx90632.c:250:8:mlx90632_calc_temp_ambient	72	static
mlx90632.c:287:15:mlx90632_calc_temp_object_iteration	128	static
mlx90632.c:336:15:mlx90632_calc_temp_object_iteration_reflected	128	static
mlx90632.c:360:6:mlx90632_set_emissivity	16	static
mlx90632.c:365:8:mlx90632_get_emissivity	8	static
mlx90632.c:377:8:mlx90632_calc_temp_object	80	static
mlx90632.c:398:8:mlx90632_calc_temp_object_reflected	104	static
mlx90632.c:429:9:mlx90632_init	104	static
mlx90632.c:463:9:mlx90632_addressed_reset	104	static
mlx90632.c:490:9:mlx90632_get_measurement_time	112	static
mlx90632.c:505:9:mlx90632_calculate_dataset_ready_time	88	static
mlx90632.c:555:9:mlx90632_start_measurement_burst	112	static
mlx90632.c:601:16:mlx90632_unlock_eeporm	88	static
mlx90632.c:606:16:mlx90632_wait_for_eeprom_not_busy	104	static
mlx90632.c:619:16:mlx90632_erase_eeprom	112	static
mlx90632.c:634:16:mlx90632_write_eeprom	112	static
mlx90632.c:653:9:mlx90632_set_refresh_rate	120	static
mlx90632.c:684:17:mlx90632_get_refresh_rate	104	static
mlx90632.c:696:8:mlx90632_temp_compensation	72	static
