mlx90632.c:27:5:mlx90632_start_measurement	112	static
mlx90632.c:80:16:mlx90632_channel_new_select	24	static
mlx90632.c:113:16:mlx90632_read_temp_ambient_raw	112	static
mlx90632.c:145:16:mlx90632_read_temp_object_raw	128	static
mlx90632.c:181:9:mlx90632_read_temp_raw	112	static
mlx90632.c:202:9:mlx90632_read_temp_raw_burst	112	static
mlx90632.c:225:8:mlx90632_preprocess_temp_ambient	40	static
mlx90632.c:235:8:mlx90632_preprocess_temp_object	40	static
mlx90632.c:247:8:mlx90632_calc_temp_ambient	72	static
mlx90632.c:283:15:mlx90632_calc_temp_object_iteration	128	static
mlx90632.c:331:15:mlx90632_calc_temp_object_iteration_reflected	128	static
mlx90632.c:355:6:mlx90632_set_emissivity	16	static
mlx90632.c:360:8:mlx90632_get_emissivity	8	static
mlx90632.c:372:8:mlx90632_calc_temp_object	80	static
mlx90632.c:393:8:mlx90632_calc_temp_object_reflected	104	static
mlx90632.c:424:9:mlx90632_init	104	static
mlx90632.c:458:9:mlx90632_addressed_reset	104	static
mlx90632.c:485:9:mlx90632_get_measurement_time	112	static
mlx90632.c:500:9:mlx90632_calculate_dataset_ready_time	88	static
mlx90632.c:550:9:mlx90632_start_measurement_burst	112	static
mlx90632.c:595:16:mlx90632_unlock_eeporm	88	static
mlx90632.c:600:16:mlx90632_wait_for_eeprom_not_busy	104	static
mlx90632.c:613:16:mlx90632_erase_eeprom	112	static
mlx90632.c:628:16:mlx90632_write_eeprom	112	static
mlx90632.c:647:9:mlx90632_set_refresh_rate	120	static
mlx90632.c:678:17:mlx90632_get_refresh_rate	104	static
